Component: ARM Compiler 5.06 update 7 (build 960) Tool: armlink [4d3601]

==============================================================================

Section Cross References

    startup_stm32f103xb.o(STACK) refers (Special) to heapauxi.o(.text) for __use_two_region_memory
    startup_stm32f103xb.o(HEAP) refers (Special) to heapauxi.o(.text) for __use_two_region_memory
    startup_stm32f103xb.o(RESET) refers (Special) to heapauxi.o(.text) for __use_two_region_memory
    startup_stm32f103xb.o(RESET) refers to startup_stm32f103xb.o(STACK) for __initial_sp
    startup_stm32f103xb.o(RESET) refers to startup_stm32f103xb.o(.text) for Reset_Handler
    startup_stm32f103xb.o(RESET) refers to stm32f1xx_it.o(i.NMI_Handler) for NMI_Handler
    startup_stm32f103xb.o(RESET) refers to stm32f1xx_it.o(i.HardFault_Handler) for HardFault_Handler
    startup_stm32f103xb.o(RESET) refers to stm32f1xx_it.o(i.MemManage_Handler) for MemManage_Handler
    startup_stm32f103xb.o(RESET) refers to stm32f1xx_it.o(i.BusFault_Handler) for BusFault_Handler
    startup_stm32f103xb.o(RESET) refers to stm32f1xx_it.o(i.UsageFault_Handler) for UsageFault_Handler
    startup_stm32f103xb.o(RESET) refers to port.o(.emb_text) for SVC_Handler
    startup_stm32f103xb.o(RESET) refers to stm32f1xx_it.o(i.DebugMon_Handler) for DebugMon_Handler
    startup_stm32f103xb.o(RESET) refers to cmsis_os2.o(i.SysTick_Handler) for SysTick_Handler
    startup_stm32f103xb.o(RESET) refers to stm32f1xx_it.o(i.EXTI9_5_IRQHandler) for EXTI9_5_IRQHandler
    startup_stm32f103xb.o(RESET) refers to stm32f1xx_it.o(i.TIM2_IRQHandler) for TIM2_IRQHandler
    startup_stm32f103xb.o(RESET) refers to stm32f1xx_it.o(i.TIM4_IRQHandler) for TIM4_IRQHandler
    startup_stm32f103xb.o(.text) refers (Special) to heapauxi.o(.text) for __use_two_region_memory
    startup_stm32f103xb.o(.text) refers to system_stm32f1xx.o(i.SystemInit) for SystemInit
    startup_stm32f103xb.o(.text) refers to __main.o(!!!main) for __main
    startup_stm32f103xb.o(.text) refers to startup_stm32f103xb.o(HEAP) for Heap_Mem
    startup_stm32f103xb.o(.text) refers to startup_stm32f103xb.o(STACK) for Stack_Mem
    stm32f1xx_hal_tim.o(i.HAL_TIM_Base_DeInit) refers to tim.o(i.HAL_TIM_Base_MspDeInit) for HAL_TIM_Base_MspDeInit
    stm32f1xx_hal_tim.o(i.HAL_TIM_Base_Init) refers to tim.o(i.HAL_TIM_Base_MspInit) for HAL_TIM_Base_MspInit
    stm32f1xx_hal_tim.o(i.HAL_TIM_Base_Init) refers to stm32f1xx_hal_tim.o(i.TIM_Base_SetConfig) for TIM_Base_SetConfig
    stm32f1xx_hal_tim.o(i.HAL_TIM_Base_Start_DMA) refers to stm32f1xx_hal_dma.o(i.HAL_DMA_Start_IT) for HAL_DMA_Start_IT
    stm32f1xx_hal_tim.o(i.HAL_TIM_Base_Start_DMA) refers to stm32f1xx_hal_tim.o(i.TIM_DMAPeriodElapsedCplt) for TIM_DMAPeriodElapsedCplt
    stm32f1xx_hal_tim.o(i.HAL_TIM_Base_Start_DMA) refers to stm32f1xx_hal_tim.o(i.TIM_DMAPeriodElapsedHalfCplt) for TIM_DMAPeriodElapsedHalfCplt
    stm32f1xx_hal_tim.o(i.HAL_TIM_Base_Start_DMA) refers to stm32f1xx_hal_tim.o(i.TIM_DMAError) for TIM_DMAError
    stm32f1xx_hal_tim.o(i.HAL_TIM_Base_Stop_DMA) refers to stm32f1xx_hal_dma.o(i.HAL_DMA_Abort_IT) for HAL_DMA_Abort_IT
    stm32f1xx_hal_tim.o(i.HAL_TIM_ConfigClockSource) refers to stm32f1xx_hal_tim.o(i.TIM_ETR_SetConfig) for TIM_ETR_SetConfig
    stm32f1xx_hal_tim.o(i.HAL_TIM_ConfigClockSource) refers to stm32f1xx_hal_tim.o(i.TIM_TI1_ConfigInputStage) for TIM_TI1_ConfigInputStage
    stm32f1xx_hal_tim.o(i.HAL_TIM_ConfigClockSource) refers to stm32f1xx_hal_tim.o(i.TIM_TI2_ConfigInputStage) for TIM_TI2_ConfigInputStage
    stm32f1xx_hal_tim.o(i.HAL_TIM_ConfigClockSource) refers to stm32f1xx_hal_tim.o(i.TIM_ITRx_SetConfig) for TIM_ITRx_SetConfig
    stm32f1xx_hal_tim.o(i.HAL_TIM_ConfigOCrefClear) refers to stm32f1xx_hal_tim.o(i.TIM_ETR_SetConfig) for TIM_ETR_SetConfig
    stm32f1xx_hal_tim.o(i.HAL_TIM_DMABurst_MultiReadStart) refers to stm32f1xx_hal_dma.o(i.HAL_DMA_Start_IT) for HAL_DMA_Start_IT
    stm32f1xx_hal_tim.o(i.HAL_TIM_DMABurst_MultiReadStart) refers to stm32f1xx_hal_tim.o(i.TIM_DMAError) for TIM_DMAError
    stm32f1xx_hal_tim.o(i.HAL_TIM_DMABurst_MultiReadStart) refers to stm32f1xx_hal_tim.o(i.TIM_DMACaptureCplt) for TIM_DMACaptureCplt
    stm32f1xx_hal_tim.o(i.HAL_TIM_DMABurst_MultiReadStart) refers to stm32f1xx_hal_tim.o(i.TIM_DMACaptureHalfCplt) for TIM_DMACaptureHalfCplt
    stm32f1xx_hal_tim.o(i.HAL_TIM_DMABurst_MultiReadStart) refers to stm32f1xx_hal_tim.o(i.TIM_DMAPeriodElapsedCplt) for TIM_DMAPeriodElapsedCplt
    stm32f1xx_hal_tim.o(i.HAL_TIM_DMABurst_MultiReadStart) refers to stm32f1xx_hal_tim.o(i.TIM_DMAPeriodElapsedHalfCplt) for TIM_DMAPeriodElapsedHalfCplt
    stm32f1xx_hal_tim.o(i.HAL_TIM_DMABurst_MultiReadStart) refers to stm32f1xx_hal_tim_ex.o(i.TIMEx_DMACommutationCplt) for TIMEx_DMACommutationCplt
    stm32f1xx_hal_tim.o(i.HAL_TIM_DMABurst_MultiReadStart) refers to stm32f1xx_hal_tim_ex.o(i.TIMEx_DMACommutationHalfCplt) for TIMEx_DMACommutationHalfCplt
[...]
    .ARM.Collect$$libinit$$00000013          0x08000162   Section        0  libinit2.o(.ARM.Collect$$libinit$$00000013)
    .ARM.Collect$$libinit$$00000015          0x08000162   Section        0  libinit2.o(.ARM.Collect$$libinit$$00000015)
    .ARM.Collect$$libinit$$00000017          0x08000162   Section        0  libinit2.o(.ARM.Collect$$libinit$$00000017)
    .ARM.Collect$$libinit$$00000019          0x08000162   Section        0  libinit2.o(.ARM.Collect$$libinit$$00000019)
    .ARM.Collect$$libinit$$0000001B          0x08000162   Section        0  libinit2.o(.ARM.Collect$$libinit$$0000001B)
    .ARM.Collect$$libinit$$0000001D          0x08000162   Section        0  libinit2.o(.ARM.Collect$$libinit$$0000001D)
    .ARM.Collect$$libinit$$0000001F          0x08000162   Section        0  libinit2.o(.ARM.Collect$$libinit$$0000001F)
    .ARM.Collect$$libinit$$00000021          0x08000162   Section        0  libinit2.o(.ARM.Collect$$libinit$$00000021)
    .ARM.Collect$$libinit$$00000023          0x08000162   Section        0  libinit2.o(.ARM.Collect$$libinit$$00000023)
    .ARM.Collect$$libinit$$00000025          0x08000162   Section        0  libinit2.o(.ARM.Collect$$libinit$$00000025)
    .ARM.Collect$$libinit$$0000002C          0x08000162   Section        0  libinit2.o(.ARM.Collect$$libinit$$0000002C)
    .ARM.Collect$$libinit$$0000002E          0x08000162   Section        0  libinit2.o(.ARM.Collect$$libinit$$0000002E)
    .ARM.Collect$$libinit$$00000030          0x08000162   Section        0  libinit2.o(.ARM.Collect$$libinit$$00000030)
    .ARM.Collect$$libinit$$00000032          0x08000162   Section        0  libinit2.o(.ARM.Collect$$libinit$$00000032)
    .ARM.Collect$$libinit$$00000033          0x08000162   Section        2  libinit2.o(.ARM.Collect$$libinit$$00000033)
    .ARM.Collect$$libshutdown$$00000000      0x08000164   Section        2  libshutdown.o(.ARM.Collect$$libshutdown$$00000000)
    .ARM.Collect$$libshutdown$$00000002      0x08000166   Section        0  libshutdown2.o(.ARM.Collect$$libshutdown$$00000002)
    .ARM.Collect$$libshutdown$$00000004      0x08000166   Section        0  libshutdown2.o(.ARM.Collect$$libshutdown$$00000004)
    .ARM.Collect$$libshutdown$$00000006      0x08000166   Section        0  libshutdown2.o(.ARM.Collect$$libshutdown$$00000006)
    .ARM.Collect$$libshutdown$$00000009      0x08000166   Section        0  libshutdown2.o(.ARM.Collect$$libshutdown$$00000009)
    .ARM.Collect$$libshutdown$$0000000C      0x08000166   Section        0  libshutdown2.o(.ARM.Collect$$libshutdown$$0000000C)
    .ARM.Collect$$libshutdown$$0000000E      0x08000166   Section        0  libshutdown2.o(.ARM.Collect$$libshutdown$$0000000E)
    .ARM.Collect$$libshutdown$$00000011      0x08000166   Section        0  libshutdown2.o(.ARM.Collect$$libshutdown$$00000011)
    .ARM.Collect$$libshutdown$$00000012      0x08000166   Section        2  libshutdown2.o(.ARM.Collect$$libshutdown$$00000012)
    .ARM.Collect$$rtentry$$00000000          0x08000168   Section        0  __rtentry.o(.ARM.Collect$$rtentry$$00000000)
    .ARM.Collect$$rtentry$$00000002          0x08000168   Section        0  __rtentry2.o(.ARM.Collect$$rtentry$$00000002)
    .ARM.Collect$$rtentry$$00000004          0x08000168   Section        6  __rtentry4.o(.ARM.Collect$$rtentry$$00000004)
    .ARM.Collect$$rtentry$$00000009          0x0800016e   Section        0  __rtentry2.o(.ARM.Collect$$rtentry$$00000009)
    .ARM.Collect$$rtentry$$0000000A          0x0800016e   Section        4  __rtentry2.o(.ARM.Collect$$rtentry$$0000000A)
    .ARM.Collect$$rtentry$$0000000C          0x08000172   Section        0  __rtentry2.o(.ARM.Collect$$rtentry$$0000000C)
    .ARM.Collect$$rtentry$$0000000D          0x08000172   Section        8  __rtentry2.o(.ARM.Collect$$rtentry$$0000000D)
    .ARM.Collect$$rtexit$$00000000           0x0800017a   Section        2  rtexit.o(.ARM.Collect$$rtexit$$00000000)
    .ARM.Collect$$rtexit$$00000002           0x0800017c   Section        0  rtexit2.o(.ARM.Collect$$rtexit$$00000002)
    .ARM.Collect$$rtexit$$00000003           0x0800017c   Section        4  rtexit2.o(.ARM.Collect$$rtexit$$00000003)
    .ARM.Collect$$rtexit$$00000004           0x08000180   Section        6  rtexit2.o(.ARM.Collect$$rtexit$$00000004)
    .emb_text                                0x08000188   Section      150  port.o(.emb_text)
    .text                                    0x08000220   Section       64  startup_stm32f103xb.o(.text)
    .text                                    0x08000260   Section      138  rt_memcpy_v6.o(.text)
    .text                                    0x080002ea   Section       16  aeabi_memset.o(.text)
    .text                                    0x080002fa   Section       78  rt_memclr_w.o(.text)
    .text                                    0x08000348   Section        0  heapauxi.o(.text)
    .text                                    0x0800034e   Section      100  rt_memcpy_w.o(.text)
    .text                                    0x080003b2   Section       68  rt_memclr.o(.text)
    .text                                    0x080003f6   Section       74  sys_stackheap_outer.o(.text)
    .text                                    0x08000440   Section        0  exit.o(.text)
    .text                                    0x08000454   Section        8  libspace.o(.text)
    .text                                    0x0800045c   Section        0  sys_exit.o(.text)
    .text                                    0x08000468   Section        2  use_no_semi.o(.text)
    .text                                    0x0800046a   Section        0  indicate_semi.o(.text)
    i.BusFault_Handler                       0x0800046a   Section        0  stm32f1xx_it.o(i.BusFault_Handler)
    i.DebugMon_Handler                       0x0800046c   Section        0  stm32f1xx_it.o(i.DebugMon_Handler)
    i.EXTI9_5_IRQHandler                     0x0800046e   Section        0  stm32f1xx_it.o(i.EXTI9_5_IRQHandler)
    i.Error_Handler                          0x08000476   Section        0  main.o(i.Error_Handler)
    i.HAL_GPIO_EXTI_Callback                 0x0800047c   Section        0  infrared.o(i.HAL_GPIO_EXTI_Callback)
    i.HAL_GPIO_EXTI_IRQHandler               0x0800055c   Section        0  stm32f1xx_hal_gpio.o(i.HAL_GPIO_EXTI_IRQHandler)
    i.HAL_GPIO_Init                          0x08000574   Section        0  stm32f1xx_hal_gpio.o(i.HAL_GPIO_Init)
    i.HAL_GPIO_Write                         0x08000754   Section        0  myled.o(i.HAL_GPIO_Write)
    i.HAL_GPIO_WritePin                      0x08000758   Section        0  stm32f1xx_hal_gpio.o(i.HAL_GPIO_WritePin)
    i.HAL_GetTick                            0x08000764   Section        0  stm32f1xx_hal.o(i.HAL_GetTick)
    i.HAL_IncTick                            0x08000770   Section        0  stm32f1xx_hal.o(i.HAL_IncTick)
    i.HAL_Init                               0x08000780   Section        0  stm32f1xx_hal.o(i.HAL_Init)
    i.HAL_InitTick                           0x080007a4   Section        0  stm32f1xx_hal_timebase_tim.o(i.HAL_InitTick)
    i.HAL_MspInit                            0x0800083c   Section        0  stm32f1xx_hal_msp.o(i.HAL_MspInit)
    i.HAL_NVIC_EnableIRQ                     0x08000884   Section        0  stm32f1xx_hal_cortex.o(i.HAL_NVIC_EnableIRQ)
    i.HAL_NVIC_SetPriority                   0x080008a0   Section        0  stm32f1xx_hal_cortex.o(i.HAL_NVIC_SetPriority)
    i.HAL_NVIC_SetPriorityGrouping           0x080008e0   Section        0  stm32f1xx_hal_cortex.o(i.HAL_NVIC_SetPriorityGrouping)
    i.HAL_RCC_ClockConfig                    0x08000904   Section        0  stm32f1xx_hal_rcc.o(i.HAL_RCC_ClockConfig)
    i.HAL_RCC_GetClockConfig                 0x08000a30   Section        0  stm32f1xx_hal_rcc.o(i.HAL_RCC_GetClockConfig)
    i.HAL_RCC_GetPCLK1Freq                   0x08000a70   Section        0  stm32f1xx_hal_rcc.o(i.HAL_RCC_GetPCLK1Freq)
    i.HAL_RCC_GetSysClockFreq                0x08000a90   Section        0  stm32f1xx_hal_rcc.o(i.HAL_RCC_GetSysClockFreq)
    i.HAL_RCC_OscConfig                      0x08000adc   Section        0  stm32f1xx_hal_rcc.o(i.HAL_RCC_OscConfig)
    i.HAL_TIMEx_BreakCallback                0x08000dfc   Section        0  stm32f1xx_hal_tim_ex.o(i.HAL_TIMEx_BreakCallback)
    i.HAL_TIMEx_CommutCallback               0x08000dfe   Section        0  stm32f1xx_hal_tim_ex.o(i.HAL_TIMEx_CommutCallback)
    i.HAL_TIMEx_MasterConfigSynchronization  0x08000e00   Section        0  stm32f1xx_hal_tim_ex.o(i.HAL_TIMEx_MasterConfigSynchronization)
    i.HAL_TIM_Base_Init                      0x08000e68   Section        0  stm32f1xx_hal_tim.o(i.HAL_TIM_Base_Init)
    i.HAL_TIM_Base_MspInit                   0x08000ec4   Section        0  tim.o(i.HAL_TIM_Base_MspInit)
    i.HAL_TIM_Base_Start                     0x08000ee8   Section        0  stm32f1xx_hal_tim.o(i.HAL_TIM_Base_Start)
    i.HAL_TIM_Base_Start_IT                  0x08000f38   Section        0  stm32f1xx_hal_tim.o(i.HAL_TIM_Base_Start_IT)
    i.HAL_TIM_Base_Stop                      0x08000f90   Section        0  stm32f1xx_hal_tim.o(i.HAL_TIM_Base_Stop)
    i.HAL_TIM_ConfigClockSource              0x08000fb6   Section        0  stm32f1xx_hal_tim.o(i.HAL_TIM_ConfigClockSource)
    i.HAL_TIM_IC_CaptureCallback             0x08001092   Section        0  stm32f1xx_hal_tim.o(i.HAL_TIM_IC_CaptureCallback)
    i.HAL_TIM_IRQHandler                     0x08001094   Section        0  stm32f1xx_hal_tim.o(i.HAL_TIM_IRQHandler)
    i.HAL_TIM_OC_DelayElapsedCallback        0x080011c4   Section        0  stm32f1xx_hal_tim.o(i.HAL_TIM_OC_DelayElapsedCallback)
    i.HAL_TIM_PWM_PulseFinishedCallback      0x080011c6   Section        0  stm32f1xx_hal_tim.o(i.HAL_TIM_PWM_PulseFinishedCallback)
    i.HAL_TIM_PeriodElapsedCallback          0x080011c8   Section        0  main.o(i.HAL_TIM_PeriodElapsedCallback)
    i.HAL_TIM_TriggerCallback                0x080011fc   Section        0  stm32f1xx_hal_tim.o(i.HAL_TIM_TriggerCallback)
    i.HardFault_Handler                      0x080011fe   Section        0  stm32f1xx_it.o(i.HardFault_Handler)
    i.MX_FREERTOS_Init                       0x08001200   Section        0  freertos.o(i.MX_FREERTOS_Init)
    i.MX_GPIO_Init                           0x08001230   Section        0  gpio.o(i.MX_GPIO_Init)
    i.MX_TIM2_Init                           0x080012b4   Section        0  tim.o(i.MX_TIM2_Init)
    i.MemManage_Handler                      0x08001330   Section        0  stm32f1xx_it.o(i.MemManage_Handler)
    i.MyLED_FlashingPoliceLight              0x08001334   Section        0  myled.o(i.MyLED_FlashingPoliceLight)
    i.MyRTOSTask1                            0x08001370   Section        0  freertos.o(i.MyRTOSTask1)
    i.NMI_Handler                            0x080013a0   Section        0  stm32f1xx_it.o(i.NMI_Handler)
    i.OLED_Clear                             0x080013a2   Section        0  oled.o(i.OLED_Clear)
    i.OLED_I2C_Init                          0x080013c8   Section        0  oled.o(i.OLED_I2C_Init)
    i.OLED_I2C_SendByte                      0x0800141c   Section        0  oled.o(i.OLED_I2C_SendByte)
    i.OLED_I2C_Start                         0x08001480   Section        0  oled.o(i.OLED_I2C_Start)
    i.OLED_I2C_Stop                          0x080014b8   Section        0  oled.o(i.OLED_I2C_Stop)
    i.OLED_Init                              0x080014e8   Section        0  oled.o(i.OLED_Init)
    i.OLED_Pow                               0x08001594   Section        0  oled.o(i.OLED_Pow)
    i.OLED_SetCursor                         0x080015a2   Section        0  oled.o(i.OLED_SetCursor)
    i.OLED_ShowChar                          0x080015c4   Section        0  oled.o(i.OLED_ShowChar)
    i.OLED_ShowHexNum                        0x0800162c   Section        0  oled.o(i.OLED_ShowHexNum)
    i.OLED_ShowNum                           0x08001670   Section        0  oled.o(i.OLED_ShowNum)
    i.OLED_ShowString                        0x080016b2   Section        0  oled.o(i.OLED_ShowString)
    i.OLED_WriteCommand                      0x080016d8   Section        0  oled.o(i.OLED_WriteCommand)
    i.OLED_WriteData                         0x080016fa   Section        0  oled.o(i.OLED_WriteData)
    i.StartDefaultTask                       0x0800171c   Section        0  freertos.o(i.StartDefaultTask)
    i.SysTick_Handler                        0x080017d4   Section        0  cmsis_os2.o(i.SysTick_Handler)
    i.SystemClock_Config                     0x080017ee   Section        0  main.o(i.SystemClock_Config)
    i.SystemInit                             0x0800184c   Section        0  system_stm32f1xx.o(i.SystemInit)
    i.TIM2_IRQHandler                        0x08001850   Section        0  stm32f1xx_it.o(i.TIM2_IRQHandler)
    i.TIM4_IRQHandler                        0x0800185c   Section        0  stm32f1xx_it.o(i.TIM4_IRQHandler)
    i.TIM_Base_SetConfig                     0x08001868   Section        0  stm32f1xx_hal_tim.o(i.TIM_Base_SetConfig)
    i.TIM_ETR_SetConfig                      0x080018e0   Section        0  stm32f1xx_hal_tim.o(i.TIM_ETR_SetConfig)
    i.TIM_ITRx_SetConfig                     0x080018f4   Section        0  stm32f1xx_hal_tim.o(i.TIM_ITRx_SetConfig)
    TIM_ITRx_SetConfig                       0x080018f5   Thumb Code    16  stm32f1xx_hal_tim.o(i.TIM_ITRx_SetConfig)
    i.TIM_TI1_ConfigInputStage               0x08001904   Section        0  stm32f1xx_hal_tim.o(i.TIM_TI1_ConfigInputStage)
    TIM_TI1_ConfigInputStage                 0x08001905   Thumb Code    34  stm32f1xx_hal_tim.o(i.TIM_TI1_ConfigInputStage)
    i.TIM_TI2_ConfigInputStage               0x08001926   Section        0  stm32f1xx_hal_tim.o(i.TIM_TI2_ConfigInputStage)
    TIM_TI2_ConfigInputStage                 0x08001927   Thumb Code    36  stm32f1xx_hal_tim.o(i.TIM_TI2_ConfigInputStage)
    i.UsageFault_Handler                     0x0800194a   Section        0  stm32f1xx_it.o(i.UsageFault_Handler)
    i.__NVIC_SetPriority                     0x0800194c   Section        0  stm32f1xx_hal_cortex.o(i.__NVIC_SetPriority)
    __NVIC_SetPriority                       0x0800194d   Thumb Code    32  stm32f1xx_hal_cortex.o(i.__NVIC_SetPriority)
    i.main                                   0x0800196c   Section        0  main.o(i.main)
    i.osDelay                                0x080019b8   Section        0  cmsis_os2.o(i.osDelay)
    i.osKernelInitialize                     0x080019d4   Section        0  cmsis_os2.o(i.osKernelInitialize)
    i.osKernelStart                          0x080019f8   Section        0  cmsis_os2.o(i.osKernelStart)
    i.osThreadNew                            0x08001a30   Section        0  cmsis_os2.o(i.osThreadNew)
    i.prvAddCurrentTaskToDelayedList         0x08001abc   Section        0  tasks.o(i.prvAddCurrentTaskToDelayedList)
    prvAddCurrentTaskToDelayedList           0x08001abd   Thumb Code    84  tasks.o(i.prvAddCurrentTaskToDelayedList)
    i.prvAddNewTaskToReadyList               0x08001b18   Section        0  tasks.o(i.prvAddNewTaskToReadyList)
    prvAddNewTaskToReadyList                 0x08001b19   Thumb Code   190  tasks.o(i.prvAddNewTaskToReadyList)
    i.prvCheckForValidListAndQueue           0x08001be8   Section        0  timers.o(i.prvCheckForValidListAndQueue)
    prvCheckForValidListAndQueue             0x08001be9   Thumb Code    72  timers.o(i.prvCheckForValidListAndQueue)
    i.prvCopyDataFromQueue                   0x08001c40   Section        0  queue.o(i.prvCopyDataFromQueue)
    prvCopyDataFromQueue                     0x08001c41   Thumb Code    38  queue.o(i.prvCopyDataFromQueue)
    i.prvCopyDataToQueue                     0x08001c66   Section        0  queue.o(i.prvCopyDataToQueue)
    prvCopyDataToQueue                       0x08001c67   Thumb Code   108  queue.o(i.prvCopyDataToQueue)
    i.prvDeleteTCB                           0x08001cd2   Section        0  tasks.o(i.prvDeleteTCB)
    prvDeleteTCB                             0x08001cd3   Thumb Code    52  tasks.o(i.prvDeleteTCB)
    i.prvHeapInit                            0x08001d08   Section        0  heap_4.o(i.prvHeapInit)
    prvHeapInit                              0x08001d09   Thumb Code    66  heap_4.o(i.prvHeapInit)
    i.prvIdleTask                            0x08001d54   Section        0  tasks.o(i.prvIdleTask)
    prvIdleTask                              0x08001d55   Thumb Code    82  tasks.o(i.prvIdleTask)
    i.prvInitialiseNewQueue                  0x08001db4   Section        0  queue.o(i.prvInitialiseNewQueue)
    prvInitialiseNewQueue                    0x08001db5   Thumb Code    34  queue.o(i.prvInitialiseNewQueue)
    i.prvInitialiseNewTask                   0x08001dd8   Section        0  tasks.o(i.prvInitialiseNewTask)
    prvInitialiseNewTask                     0x08001dd9   Thumb Code   176  tasks.o(i.prvInitialiseNewTask)
    i.prvInsertBlockIntoFreeList             0x08001e88   Section        0  heap_4.o(i.prvInsertBlockIntoFreeList)
    prvInsertBlockIntoFreeList               0x08001e89   Thumb Code    72  heap_4.o(i.prvInsertBlockIntoFreeList)
    i.prvInsertTimerInActiveList             0x08001ed4   Section        0  timers.o(i.prvInsertTimerInActiveList)
    prvInsertTimerInActiveList               0x08001ed5   Thumb Code    52  timers.o(i.prvInsertTimerInActiveList)
    i.prvIsQueueEmpty                        0x08001f0c   Section        0  queue.o(i.prvIsQueueEmpty)
    prvIsQueueEmpty                          0x08001f0d   Thumb Code    28  queue.o(i.prvIsQueueEmpty)
    i.prvProcessReceivedCommands             0x08001f28   Section        0  timers.o(i.prvProcessReceivedCommands)
    prvProcessReceivedCommands               0x08001f29   Thumb Code   248  timers.o(i.prvProcessReceivedCommands)
    i.prvProcessTimerOrBlockTask             0x08002024   Section        0  timers.o(i.prvProcessTimerOrBlockTask)
    prvProcessTimerOrBlockTask               0x08002025   Thumb Code   182  timers.o(i.prvProcessTimerOrBlockTask)
    i.prvResetNextTaskUnblockTime            0x080020e4   Section        0  tasks.o(i.prvResetNextTaskUnblockTime)
    prvResetNextTaskUnblockTime              0x080020e5   Thumb Code    26  tasks.o(i.prvResetNextTaskUnblockTime)
    i.prvSampleTimeNow                       0x08002104   Section        0  timers.o(i.prvSampleTimeNow)
    prvSampleTimeNow                         0x08002105   Thumb Code    36  timers.o(i.prvSampleTimeNow)
    i.prvSwitchTimerLists                    0x0800212c   Section        0  timers.o(i.prvSwitchTimerLists)
    prvSwitchTimerLists                      0x0800212d   Thumb Code   104  timers.o(i.prvSwitchTimerLists)
    i.prvTaskExitError                       0x08002198   Section        0  port.o(i.prvTaskExitError)
    prvTaskExitError                         0x08002199   Thumb Code    36  port.o(i.prvTaskExitError)
    i.prvTimerTask                           0x080021c0   Section        0  timers.o(i.prvTimerTask)
    prvTimerTask                             0x080021c1   Thumb Code    32  timers.o(i.prvTimerTask)
    i.prvUnlockQueue                         0x080021e4   Section        0  queue.o(i.prvUnlockQueue)
    prvUnlockQueue                           0x080021e5   Thumb Code   106  queue.o(i.prvUnlockQueue)
    i.pvPortMalloc                           0x08002250   Section        0  heap_4.o(i.pvPortMalloc)
    i.pxPortInitialiseStack                  0x0800232c   Section        0  port.o(i.pxPortInitialiseStack)
    i.uxListRemove                           0x08002350   Section        0  list.o(i.uxListRemove)
    i.vApplicationGetIdleTaskMemory          0x08002378   Section        0  cmsis_os2.o(i.vApplicationGetIdleTaskMemory)
    i.vApplicationGetTimerTaskMemory         0x0800238c   Section        0  cmsis_os2.o(i.vApplicationGetTimerTaskMemory)
    i.vListInitialise                        0x080023a4   Section        0  list.o(i.vListInitialise)
    i.vListInitialiseItem                    0x080023ba   Section        0  list.o(i.vListInitialiseItem)
    i.vListInsert                            0x080023c0   Section        0  list.o(i.vListInsert)
    i.vListInsertEnd                         0x080023f0   Section        0  list.o(i.vListInsertEnd)
    i.vPortEnterCritical                     0x08002408   Section        0  port.o(i.vPortEnterCritical)
    i.vPortExitCritical                      0x08002448   Section        0  port.o(i.vPortExitCritical)
    i.vPortFree                              0x08002470   Section        0  heap_4.o(i.vPortFree)
    i.vPortSetupTimerInterrupt               0x080024d4   Section        0  port.o(i.vPortSetupTimerInterrupt)
    i.vPortValidateInterruptPriority         0x080024f8   Section        0  port.o(i.vPortValidateInterruptPriority)
    i.vQueueAddToRegistry                    0x0800254c   Section        0  queue.o(i.vQueueAddToRegistry)
    i.vQueueWaitForMessageRestricted         0x08002574   Section        0  queue.o(i.vQueueWaitForMessageRestricted)
    i.vTaskDelay                             0x080025b8   Section        0  tasks.o(i.vTaskDelay)
    i.vTaskInternalSetTimeOutState           0x08002604   Section        0  tasks.o(i.vTaskInternalSetTimeOutState)
    i.vTaskMissedYield                       0x08002614   Section        0  tasks.o(i.vTaskMissedYield)
    i.vTaskPlaceOnEventList                  0x08002620   Section        0  tasks.o(i.vTaskPlaceOnEventList)
    i.vTaskPlaceOnEventListRestricted        0x08002650   Section        0  tasks.o(i.vTaskPlaceOnEventListRestricted)
    i.vTaskStartScheduler                    0x08002688   Section        0  tasks.o(i.vTaskStartScheduler)
    i.vTaskSuspendAll                        0x08002710   Section        0  tasks.o(i.vTaskSuspendAll)
    i.vTaskSwitchContext                     0x08002720   Section        0  tasks.o(i.vTaskSwitchContext)
    i.xPortStartScheduler                    0x08002784   Section        0  port.o(i.xPortStartScheduler)
    i.xPortSysTickHandler                    0x0800282c   Section        0  port.o(i.xPortSysTickHandler)
    i.xQueueGenericCreateStatic              0x08002858   Section        0  queue.o(i.xQueueGenericCreateStatic)
    i.xQueueGenericReset                     0x080028c0   Section        0  queue.o(i.xQueueGenericReset)
    i.xQueueGenericSend                      0x08002948   Section        0  queue.o(i.xQueueGenericSend)
    i.xQueueGenericSendFromISR               0x08002aa8   Section        0  queue.o(i.xQueueGenericSendFromISR)
    i.xQueueReceive                          0x08002b68   Section        0  queue.o(i.xQueueReceive)
    i.xTaskCheckForTimeOut                   0x08002ca0   Section        0  tasks.o(i.xTaskCheckForTimeOut)
    i.xTaskCreate                            0x08002d14   Section        0  tasks.o(i.xTaskCreate)
    i.xTaskCreateStatic                      0x08002d6e   Section        0  tasks.o(i.xTaskCreateStatic)
    i.xTaskGetSchedulerState                 0x08002dc4   Section        0  tasks.o(i.xTaskGetSchedulerState)
    i.xTaskGetTickCount                      0x08002de0   Section        0  tasks.o(i.xTaskGetTickCount)
    i.xTaskIncrementTick                     0x08002dec   Section        0  tasks.o(i.xTaskIncrementTick)
    i.xTaskPriorityDisinherit                0x08002eb4   Section        0  tasks.o(i.xTaskPriorityDisinherit)
    i.xTaskRemoveFromEventList               0x08002f34   Section        0  tasks.o(i.xTaskRemoveFromEventList)
    i.xTaskResumeAll                         0x08002fa4   Section        0  tasks.o(i.xTaskResumeAll)
    i.xTimerCreateTimerTask                  0x08003068   Section        0  timers.o(i.xTimerCreateTimerTask)
    i.xTimerGenericCommand                   0x080030c8   Section        0  timers.o(i.xTimerGenericCommand)
    .constdata                               0x08003130   Section       18  stm32f1xx_hal_rcc.o(.constdata)
    aPredivFactorTable                       0x08003130   Data           2  stm32f1xx_hal_rcc.o(.constdata)
    aPLLMULFactorTable                       0x08003132   Data          16  stm32f1xx_hal_rcc.o(.constdata)
    .constdata                               0x08003142   Section       16  system_stm32f1xx.o(.constdata)
    .constdata                               0x08003152   Section        8  system_stm32f1xx.o(.constdata)
    .constdata                               0x0800315a   Section     1520  oled.o(.constdata)
    .constdata                               0x0800374c   Section       72  freertos.o(.constdata)
    .conststring                             0x08003794   Section       24  freertos.o(.conststring)
    .data                                    0x20000000   Section       12  stm32f1xx_hal.o(.data)
    .data                                    0x2000000c   Section        4  system_stm32f1xx.o(.data)
    .data                                    0x20000010   Section       60  tasks.o(.data)
    uxDeletedTasksWaitingCleanUp             0x20000014   Data           4  tasks.o(.data)
    uxCurrentNumberOfTasks                   0x20000018   Data           4  tasks.o(.data)
    xTickCount                               0x2000001c   Data           4  tasks.o(.data)
    uxTopReadyPriority                       0x20000020   Data           4  tasks.o(.data)
    xSchedulerRunning                        0x20000024   Data           4  tasks.o(.data)
    xPendedTicks                             0x20000028   Data           4  tasks.o(.data)
    xYieldPending                            0x2000002c   Data           4  tasks.o(.data)
    xNumOfOverflows                          0x20000030   Data           4  tasks.o(.data)
    uxTaskNumber                             0x20000034   Data           4  tasks.o(.data)
    xNextTaskUnblockTime                     0x20000038   Data           4  tasks.o(.data)
    xIdleTaskHandle                          0x2000003c   Data           4  tasks.o(.data)
    uxSchedulerSuspended                     0x20000040   Data           4  tasks.o(.data)
    pxDelayedTaskList                        0x20000044   Data           4  tasks.o(.data)
    pxOverflowDelayedTaskList                0x20000048   Data           4  tasks.o(.data)
    .data                                    0x2000004c   Section       20  timers.o(.data)
    xTimerQueue                              0x2000004c   Data           4  timers.o(.data)
    xTimerTaskHandle                         0x20000050   Data           4  timers.o(.data)
    xLastTime                                0x20000054   Data           4  timers.o(.data)
    pxCurrentTimerList                       0x20000058   Data           4  timers.o(.data)
    pxOverflowTimerList                      0x2000005c   Data           4  timers.o(.data)
    .data                                    0x20000060   Section        4  cmsis_os2.o(.data)
    KernelState                              0x20000060   Data           4  cmsis_os2.o(.data)
    .data                                    0x20000064   Section       32  heap_4.o(.data)
    pxEnd                                    0x20000064   Data           4  heap_4.o(.data)
    xFreeBytesRemaining                      0x20000068   Data           4  heap_4.o(.data)
    xMinimumEverFreeBytesRemaining           0x2000006c   Data           4  heap_4.o(.data)
    xNumberOfSuccessfulAllocations           0x20000070   Data           4  heap_4.o(.data)
    xNumberOfSuccessfulFrees                 0x20000074   Data           4  heap_4.o(.data)
    xBlockAllocatedBit                       0x20000078   Data           4  heap_4.o(.data)
    xStart                                   0x2000007c   Data           8  heap_4.o(.data)
    .data                                    0x20000084   Section       12  port.o(.data)
    ucMaxSysCallPriority                     0x20000084   Data           1  port.o(.data)
    uxCriticalNesting                        0x20000088   Data           4  port.o(.data)
    ulMaxPRIGROUPValue                       0x2000008c   Data           4  port.o(.data)
    .data                                    0x20000090   Section        1  myled.o(.data)
    count                                    0x20000090   Data           1  myled.o(.data)
    .data                                    0x20000092   Section        6  infrared.o(.data)
    i                                        0x20000092   Data           1  infrared.o(.data)
    k                                        0x20000093   Data           1  infrared.o(.data)
    .data                                    0x20000098   Section       17  freertos.o(.data)
    .bss                                     0x200000ac   Section       64  queue.o(.bss)
    .bss                                     0x200000ec   Section     1220  tasks.o(.bss)
    pxReadyTasksLists                        0x200000ec   Data        1120  tasks.o(.bss)
    xDelayedTaskList1                        0x2000054c   Data          20  tasks.o(.bss)
    xDelayedTaskList2                        0x20000560   Data          20  tasks.o(.bss)
    xPendingReadyList                        0x20000574   Data          20  tasks.o(.bss)
    xTasksWaitingTermination                 0x20000588   Data          20  tasks.o(.bss)
    xSuspendedTaskList                       0x2000059c   Data          20  tasks.o(.bss)
    .bss                                     0x200005b0   Section      280  timers.o(.bss)
    xStaticTimerQueue                        0x200005b0   Data          80  timers.o(.bss)
    ucStaticTimerQueueStorage                0x20000600   Data         160  timers.o(.bss)
    xActiveTimerList1                        0x200006a0   Data          20  timers.o(.bss)
    xActiveTimerList2                        0x200006b4   Data          20  timers.o(.bss)
    .bss                                     0x200006c8   Section     1720  cmsis_os2.o(.bss)
    Idle_TCB                                 0x200006c8   Data          92  cmsis_os2.o(.bss)
    Idle_Stack                               0x20000724   Data         512  cmsis_os2.o(.bss)
    Timer_TCB                                0x20000924   Data          92  cmsis_os2.o(.bss)
    Timer_Stack                              0x20000980   Data        1024  cmsis_os2.o(.bss)
    .bss                                     0x20000d80   Section     3072  heap_4.o(.bss)
    ucHeap                                   0x20000d80   Data        3072  heap_4.o(.bss)
    .bss                                     0x20001980   Section       72  tim.o(.bss)
    .bss                                     0x200019c8   Section       72  stm32f1xx_hal_timebase_tim.o(.bss)
    .bss                                     0x20001a10   Section       96  libspace.o(.bss)
    HEAP                                     0x20001a70   Section      512  startup_stm32f103xb.o(HEAP)
    Heap_Mem                                 0x20001a70   Data         512  startup_stm32f103xb.o(HEAP)
    STACK                                    0x20001c70   Section     1024  startup_stm32f103xb.o(STACK)
    Stack_Mem                                0x20001c70   Data        1024  startup_stm32f103xb.o(STACK)
    __initial_sp                             0x20002070   Data           0  startup_stm32f103xb.o(STACK)

    Global Symbols

    Symbol Name                              Value     Ov Type        Size  Object(Section)

    BuildAttributes$$THM_ISAv4$P$D$K$B$S$PE$A:L22UL41UL21$X:L11$S22US41US21$IEEE1$IW$USESV6$~STKCKD$USESV7$~SHL$OSPACE$ROPI$EBA8$UX$STANDARDLIB$REQ8$PRES8$EABIv2 0x00000000   Number         0  anon$$obj.o ABSOLUTE
    __ARM_use_no_argv                        0x00000000   Number         0  main.o ABSOLUTE
    __ARM_exceptions_init                     - Undefined Weak Reference
    __alloca_initialize                       - Undefined Weak Reference
    __arm_fini_                               - Undefined Weak Reference
    __arm_preinit_                            - Undefined Weak Reference
    __cpp_initialize__aeabi_                  - Undefined Weak Reference
    __cxa_finalize                            - Undefined Weak Reference
    __rt_locale                               - Undefined Weak Reference
    __sigvec_lookup                           - Undefined Weak Reference
    _atexit_init                              - Undefined Weak Reference
    _call_atexit_fns                          - Undefined Weak Reference
    _clock_init                               - Undefined Weak Reference
    _fp_trap_init                             - Undefined Weak Reference
    _fp_trap_shutdown                         - Undefined Weak Reference
    _get_lc_collate                           - Undefined Weak Reference
    _get_lc_ctype                             - Undefined Weak Reference
    _get_lc_monetary                          - Undefined Weak Reference
    _get_lc_numeric                           - Undefined Weak Reference
    _get_lc_time                              - Undefined Weak Reference
    _getenv_init                              - Undefined Weak Reference
    _handle_redirection                       - Undefined Weak Reference
    _init_alloc                               - Undefined Weak Reference
    _init_user_alloc                          - Undefined Weak Reference
    _initio                                   - Undefined Weak Reference
    _rand_init                                - Undefined Weak Reference
    _signal_finish                            - Undefined Weak Reference
    _signal_init                              - Undefined Weak Reference
    _terminate_alloc                          - Undefined Weak Reference
    _terminate_user_alloc                     - Undefined Weak Reference
    _terminateio                              - Undefined Weak Reference
    __Vectors_Size                           0x000000ec   Number         0  startup_stm32f103xb.o ABSOLUTE
    __Vectors                                0x08000000   Data           4  startup_stm32f103xb.o(RESET)
    __Vectors_End                            0x080000ec   Data           0  startup_stm32f103xb.o(RESET)
    __main                                   0x080000ed   Thumb Code     8  __main.o(!!!main)
    __scatterload                            0x080000f5   Thumb Code     0  __scatter.o(!!!scatter)
    __scatterload_rt2                        0x080000f5   Thumb Code    44  __scatter.o(!!!scatter)
    __scatterload_rt2_thumb_only             0x080000f5   Thumb Code     0  __scatter.o(!!!scatter)
    __scatterload_null                       0x08000103   Thumb Code     0  __scatter.o(!!!scatter)
    __scatterload_copy                       0x08000129   Thumb Code    26  __scatter_copy.o(!!handler_copy)
    __scatterload_zeroinit                   0x08000145   Thumb Code    28  __scatter_zi.o(!!handler_zi)
    __rt_lib_init                            0x08000161   Thumb Code     0  libinit.o(.ARM.Collect$$libinit$$00000000)
    __rt_lib_init_alloca_1                   0x08000163   Thumb Code     0  libinit2.o(.ARM.Collect$$libinit$$0000002E)
    __rt_lib_init_argv_1                     0x08000163   Thumb Code     0  libinit2.o(.ARM.Collect$$libinit$$0000002C)
    __rt_lib_init_atexit_1                   0x08000163   Thumb Code     0  libinit2.o(.ARM.Collect$$libinit$$0000001B)
    __rt_lib_init_clock_1                    0x08000163   Thumb Code     0  libinit2.o(.ARM.Collect$$libinit$$00000021)
    __rt_lib_init_cpp_1                      0x08000163   Thumb Code     0  libinit2.o(.ARM.Collect$$libinit$$00000032)
    __rt_lib_init_exceptions_1               0x08000163   Thumb Code     0  libinit2.o(.ARM.Collect$$libinit$$00000030)
    __rt_lib_init_fp_1                       0x08000163   Thumb Code     0  libinit2.o(.ARM.Collect$$libinit$$00000002)
    __rt_lib_init_fp_trap_1                  0x08000163   Thumb Code     0  libinit2.o(.ARM.Collect$$libinit$$0000001F)
    __rt_lib_init_getenv_1                   0x08000163   Thumb Code     0  libinit2.o(.ARM.Collect$$libinit$$00000023)
    __rt_lib_init_heap_1                     0x08000163   Thumb Code     0  libinit2.o(.ARM.Collect$$libinit$$0000000A)
    __rt_lib_init_lc_collate_1               0x08000163   Thumb Code     0  libinit2.o(.ARM.Collect$$libinit$$00000011)
    __rt_lib_init_lc_ctype_1                 0x08000163   Thumb Code     0  libinit2.o(.ARM.Collect$$libinit$$00000013)
    __rt_lib_init_lc_monetary_1              0x08000163   Thumb Code     0  libinit2.o(.ARM.Collect$$libinit$$00000015)
    __rt_lib_init_lc_numeric_1               0x08000163   Thumb Code     0  libinit2.o(.ARM.Collect$$libinit$$00000017)
    __rt_lib_init_lc_time_1                  0x08000163   Thumb Code     0  libinit2.o(.ARM.Collect$$libinit$$00000019)
    __rt_lib_init_preinit_1                  0x08000163   Thumb Code     0  libinit2.o(.ARM.Collect$$libinit$$00000004)
    __rt_lib_init_rand_1                     0x08000163   Thumb Code     0  libinit2.o(.ARM.Collect$$libinit$$0000000E)
    __rt_lib_init_return                     0x08000163   Thumb Code     0  libinit2.o(.ARM.Collect$$libinit$$00000033)
    __rt_lib_init_signal_1                   0x08000163   Thumb Code     0  libinit2.o(.ARM.Collect$$libinit$$0000001D)
    __rt_lib_init_stdio_1                    0x08000163   Thumb Code     0  libinit2.o(.ARM.Collect$$libinit$$00000025)
    __rt_lib_init_user_alloc_1               0x08000163   Thumb Code     0  libinit2.o(.ARM.Collect$$libinit$$0000000C)
    __rt_lib_shutdown                        0x08000165   Thumb Code     0  libshutdown.o(.ARM.Collect$$libshutdown$$00000000)
    __rt_lib_shutdown_cpp_1                  0x08000167   Thumb Code     0  libshutdown2.o(.ARM.Collect$$libshutdown$$00000004)
    __rt_lib_shutdown_fini_1                 0x08000167   Thumb Code     0  libshutdown2.o(.ARM.Collect$$libshutdown$$00000002)
    __rt_lib_shutdown_fp_trap_1              0x08000167   Thumb Code     0  libshutdown2.o(.ARM.Collect$$libshutdown$$00000009)
    __rt_lib_shutdown_heap_1                 0x08000167   Thumb Code     0  libshutdown2.o(.ARM.Collect$$libshutdown$$00000011)
    __rt_lib_shutdown_return                 0x08000167   Thumb Code     0  libshutdown2.o(.ARM.Collect$$libshutdown$$00000012)
    __rt_lib_shutdown_signal_1               0x08000167   Thumb Code     0  libshutdown2.o(.ARM.Collect$$libshutdown$$0000000C)
    __rt_lib_shutdown_stdio_1                0x08000167   Thumb Code     0  libshutdown2.o(.ARM.Collect$$libshutdown$$00000006)
    __rt_lib_shutdown_user_alloc_1           0x08000167   Thumb Code     0  libshutdown2.o(.ARM.Collect$$libshutdown$$0000000E)
    __rt_entry                               0x08000169   Thumb Code     0  __rtentry.o(.ARM.Collect$$rtentry$$00000000)
    __rt_entry_presh_1                       0x08000169   Thumb Code     0  __rtentry2.o(.ARM.Collect$$rtentry$$00000002)
    __rt_entry_sh                            0x08000169   Thumb Code     0  __rtentry4.o(.ARM.Collect$$rtentry$$00000004)
    __rt_entry_li                            0x0800016f   Thumb Code     0  __rtentry2.o(.ARM.Collect$$rtentry$$0000000A)
    __rt_entry_postsh_1                      0x0800016f   Thumb Code     0  __rtentry2.o(.ARM.Collect$$rtentry$$00000009)
    __rt_entry_main                          0x08000173   Thumb Code     0  __rtentry2.o(.ARM.Collect$$rtentry$$0000000D)
    __rt_entry_postli_1                      0x08000173   Thumb Code     0  __rtentry2.o(.ARM.Collect$$rtentry$$0000000C)
    __rt_exit                                0x0800017b   Thumb Code     0  rtexit.o(.ARM.Collect$$rtexit$$00000000)
    __rt_exit_ls                             0x0800017d   Thumb Code     0  rtexit2.o(.ARM.Collect$$rtexit$$00000003)
    __rt_exit_prels_1                        0x0800017d   Thumb Code     0  rtexit2.o(.ARM.Collect$$rtexit$$00000002)
    __rt_exit_exit                           0x08000181   Thumb Code     0  rtexit2.o(.ARM.Collect$$rtexit$$00000004)
    SVC_Handler                              0x08000189   Thumb Code    32  port.o(.emb_text)
    __asm___6_port_c_39a90d8d__prvStartFirstTask 0x080001ad   Thumb Code    28  port.o(.emb_text)
    PendSV_Handler                           0x080001cd   Thumb Code    72  port.o(.emb_text)
    vPortGetIPSR                             0x08000219   Thumb Code     6  port.o(.emb_text)
    Reset_Handler                            0x08000221   Thumb Code     8  startup_stm32f103xb.o(.text)
    ADC1_2_IRQHandler                        0x0800023b   Thumb Code     0  startup_stm32f103xb.o(.text)
    CAN1_RX1_IRQHandler                      0x0800023b   Thumb Code     0  startup_stm32f103xb.o(.text)
    CAN1_SCE_IRQHandler                      0x0800023b   Thumb Code     0  startup_stm32f103xb.o(.text)
    DMA1_Channel1_IRQHandler                 0x0800023b   Thumb Code     0  startup_stm32f103xb.o(.text)
    DMA1_Channel2_IRQHandler                 0x0800023b   Thumb Code     0  startup_stm32f103xb.o(.text)
    DMA1_Channel3_IRQHandler                 0x0800023b   Thumb Code     0  startup_stm32f103xb.o(.text)
    DMA1_Channel4_IRQHandler                 0x0800023b   Thumb Code     0  startup_stm32f103xb.o(.text)
    DMA1_Channel5_IRQHandler                 0x0800023b   Thumb Code     0  startup_stm32f103xb.o(.text)
    DMA1_Channel6_IRQHandler                 0x0800023b   Thumb Code     0  startup_stm32f103xb.o(.text)
    DMA1_Channel7_IRQHandler                 0x0800023b   Thumb Code     0  startup_stm32f103xb.o(.text)
    EXTI0_IRQHandler                         0x0800023b   Thumb Code     0  startup_stm32f103xb.o(.text)
    EXTI15_10_IRQHandler                     0x0800023b   Thumb Code     0  startup_stm32f103xb.o(.text)
    EXTI1_IRQHandler                         0x0800023b   Thumb Code     0  startup_stm32f103xb.o(.text)
    EXTI2_IRQHandler                         0x0800023b   Thumb Code     0  startup_stm32f103xb.o(.text)
    EXTI3_IRQHandler                         0x0800023b   Thumb Code     0  startup_stm32f103xb.o(.text)
    EXTI4_IRQHandler                         0x0800023b   Thumb Code     0  startup_stm32f103xb.o(.text)
    FLASH_IRQHandler                         0x0800023b   Thumb Code     0  startup_stm32f103xb.o(.text)
    I2C1_ER_IRQHandler                       0x0800023b   Thumb Code     0  startup_stm32f103xb.o(.text)
    I2C1_EV_IRQHandler                       0x0800023b   Thumb Code     0  startup_stm32f103xb.o(.text)
    I2C2_ER_IRQHandler                       0x0800023b   Thumb Code     0  startup_stm32f103xb.o(.text)
    I2C2_EV_IRQHandler                       0x0800023b   Thumb Code     0  startup_stm32f103xb.o(.text)
    PVD_IRQHandler                           0x0800023b   Thumb Code     0  startup_stm32f103xb.o(.text)
    RCC_IRQHandler                           0x0800023b   Thumb Code     0  startup_stm32f103xb.o(.text)
    RTC_Alarm_IRQHandler                     0x0800023b   Thumb Code     0  startup_stm32f103xb.o(.text)
    RTC_IRQHandler                           0x0800023b   Thumb Code     0  startup_stm32f103xb.o(.text)
    SPI1_IRQHandler                          0x0800023b   Thumb Code     0  startup_stm32f103xb.o(.text)
    SPI2_IRQHandler                          0x0800023b   Thumb Code     0  startup_stm32f103xb.o(.text)
    TAMPER_IRQHandler                        0x0800023b   Thumb Code     0  startup_stm32f103xb.o(.text)
    TIM1_BRK_IRQHandler                      0x0800023b   Thumb Code     0  startup_stm32f103xb.o(.text)
    TIM1_CC_IRQHandler                       0x0800023b   Thumb Code     0  startup_stm32f103xb.o(.text)
    TIM1_TRG_COM_IRQHandler                  0x0800023b   Thumb Code     0  startup_stm32f103xb.o(.text)
    TIM1_UP_IRQHandler                       0x0800023b   Thumb Code     0  startup_stm32f103xb.o(.text)
    TIM3_IRQHandler                          0x0800023b   Thumb Code     0  startup_stm32f103xb.o(.text)
    USART1_IRQHandler                        0x0800023b   Thumb Code     0  startup_stm32f103xb.o(.text)
    USART2_IRQHandler                        0x0800023b   Thumb Code     0  startup_stm32f103xb.o(.text)
    USART3_IRQHandler                        0x0800023b   Thumb Code     0  startup_stm32f103xb.o(.text)
    USBWakeUp_IRQHandler                     0x0800023b   Thumb Code     0  startup_stm32f103xb.o(.text)
    USB_HP_CAN1_TX_IRQHandler                0x0800023b   Thumb Code     0  startup_stm32f103xb.o(.text)
    USB_LP_CAN1_RX0_IRQHandler               0x0800023b   Thumb Code     0  startup_stm32f103xb.o(.text)
    WWDG_IRQHandler                          0x0800023b   Thumb Code     0  startup_stm32f103xb.o(.text)
    __user_initial_stackheap                 0x0800023d   Thumb Code     0  startup_stm32f103xb.o(.text)
    __aeabi_memcpy                           0x08000261   Thumb Code     0  rt_memcpy_v6.o(.text)
    __rt_memcpy                              0x08000261   Thumb Code   138  rt_memcpy_v6.o(.text)
    _memcpy_lastbytes                        0x080002c7   Thumb Code     0  rt_memcpy_v6.o(.text)
    __aeabi_memset                           0x080002eb   Thumb Code    16  aeabi_memset.o(.text)
    __aeabi_memclr4                          0x080002fb   Thumb Code     0  rt_memclr_w.o(.text)
    __aeabi_memclr8                          0x080002fb   Thumb Code     0  rt_memclr_w.o(.text)
    __rt_memclr_w                            0x080002fb   Thumb Code    78  rt_memclr_w.o(.text)
    _memset_w                                0x080002ff   Thumb Code     0  rt_memclr_w.o(.text)
    __use_two_region_memory                  0x08000349   Thumb Code     2  heapauxi.o(.text)
    __rt_heap_escrow$2region                 0x0800034b   Thumb Code     2  heapauxi.o(.text)
    __rt_heap_expand$2region                 0x0800034d   Thumb Code     2  heapauxi.o(.text)
    __aeabi_memcpy4                          0x0800034f   Thumb Code     0  rt_memcpy_w.o(.text)
    __aeabi_memcpy8                          0x0800034f   Thumb Code     0  rt_memcpy_w.o(.text)
    __rt_memcpy_w                            0x0800034f   Thumb Code   100  rt_memcpy_w.o(.text)
    _memcpy_lastbytes_aligned                0x08000397   Thumb Code     0  rt_memcpy_w.o(.text)
    __aeabi_memclr                           0x080003b3   Thumb Code     0  rt_memclr.o(.text)
    __rt_memclr                              0x080003b3   Thumb Code    68  rt_memclr.o(.text)
    _memset                                  0x080003b7   Thumb Code     0  rt_memclr.o(.text)
    __user_setup_stackheap                   0x080003f7   Thumb Code    74  sys_stackheap_outer.o(.text)
    exit                                     0x08000441   Thumb Code    18  exit.o(.text)
    __user_libspace                          0x08000455   Thumb Code     8  libspace.o(.text)
    __user_perproc_libspace                  0x08000455   Thumb Code     0  libspace.o(.text)
    __user_perthread_libspace                0x08000455   Thumb Code     0  libspace.o(.text)
    _sys_exit                                0x0800045d   Thumb Code     8  sys_exit.o(.text)
    __I$use$semihosting                      0x08000469   Thumb Code     0  use_no_semi.o(.text)
    __use_no_semihosting_swi                 0x08000469   Thumb Code     2  use_no_semi.o(.text)
    BusFault_Handler                         0x0800046b   Thumb Code     2  stm32f1xx_it.o(i.BusFault_Handler)
    __semihosting_library_function           0x0800046b   Thumb Code     0  indicate_semi.o(.text)
    DebugMon_Handler                         0x0800046d   Thumb Code     2  stm32f1xx_it.o(i.DebugMon_Handler)
    EXTI9_5_IRQHandler                       0x0800046f   Thumb Code     8  stm32f1xx_it.o(i.EXTI9_5_IRQHandler)
    Error_Handler                            0x08000477   Thumb Code     4  main.o(i.Error_Handler)
    HAL_GPIO_EXTI_Callback                   0x0800047d   Thumb Code   212  infrared.o(i.HAL_GPIO_EXTI_Callback)
    HAL_GPIO_EXTI_IRQHandler                 0x0800055d   Thumb Code    18  stm32f1xx_hal_gpio.o(i.HAL_GPIO_EXTI_IRQHandler)
    HAL_GPIO_Init                            0x08000575   Thumb Code   446  stm32f1xx_hal_gpio.o(i.HAL_GPIO_Init)
    HAL_GPIO_Write                           0x08000755   Thumb Code     4  myled.o(i.HAL_GPIO_Write)
    HAL_GPIO_WritePin                        0x08000759   Thumb Code    10  stm32f1xx_hal_gpio.o(i.HAL_GPIO_WritePin)
    HAL_GetTick                              0x08000765   Thumb Code     6  stm32f1xx_hal.o(i.HAL_GetTick)
    HAL_IncTick                              0x08000771   Thumb Code    12  stm32f1xx_hal.o(i.HAL_IncTick)
    HAL_Init                                 0x08000781   Thumb Code    32  stm32f1xx_hal.o(i.HAL_Init)
    HAL_InitTick                             0x080007a5   Thumb Code   132  stm32f1xx_hal_timebase_tim.o(i.HAL_InitTick)
    HAL_MspInit                              0x0800083d   Thumb Code    62  stm32f1xx_hal_msp.o(i.HAL_MspInit)
    HAL_NVIC_EnableIRQ                       0x08000885   Thumb Code    26  stm32f1xx_hal_cortex.o(i.HAL_NVIC_EnableIRQ)
    HAL_NVIC_SetPriority                     0x080008a1   Thumb Code    60  stm32f1xx_hal_cortex.o(i.HAL_NVIC_SetPriority)
    HAL_NVIC_SetPriorityGrouping             0x080008e1   Thumb Code    26  stm32f1xx_hal_cortex.o(i.HAL_NVIC_SetPriorityGrouping)
    HAL_RCC_ClockConfig                      0x08000905   Thumb Code   280  stm32f1xx_hal_rcc.o(i.HAL_RCC_ClockConfig)
    HAL_RCC_GetClockConfig                   0x08000a31   Thumb Code    54  stm32f1xx_hal_rcc.o(i.HAL_RCC_GetClockConfig)
    HAL_RCC_GetPCLK1Freq                     0x08000a71   Thumb Code    20  stm32f1xx_hal_rcc.o(i.HAL_RCC_GetPCLK1Freq)
    HAL_RCC_GetSysClockFreq                  0x08000a91   Thumb Code    58  stm32f1xx_hal_rcc.o(i.HAL_RCC_GetSysClockFreq)
    HAL_RCC_OscConfig                        0x08000add   Thumb Code   778  stm32f1xx_hal_rcc.o(i.HAL_RCC_OscConfig)
    HAL_TIMEx_BreakCallback                  0x08000dfd   Thumb Code     2  stm32f1xx_hal_tim_ex.o(i.HAL_TIMEx_BreakCallback)
    HAL_TIMEx_CommutCallback                 0x08000dff   Thumb Code     2  stm32f1xx_hal_tim_ex.o(i.HAL_TIMEx_CommutCallback)
    HAL_TIMEx_MasterConfigSynchronization    0x08000e01   Thumb Code    92  stm32f1xx_hal_tim_ex.o(i.HAL_TIMEx_MasterConfigSynchronization)
    HAL_TIM_Base_Init                        0x08000e69   Thumb Code    90  stm32f1xx_hal_tim.o(i.HAL_TIM_Base_Init)
    HAL_TIM_Base_MspInit                     0x08000ec5   Thumb Code    30  tim.o(i.HAL_TIM_Base_MspInit)
    HAL_TIM_Base_Start                       0x08000ee9   Thumb Code    66  stm32f1xx_hal_tim.o(i.HAL_TIM_Base_Start)
    HAL_TIM_Base_Start_IT                    0x08000f39   Thumb Code    76  stm32f1xx_hal_tim.o(i.HAL_TIM_Base_Start_IT)
    HAL_TIM_Base_Stop                        0x08000f91   Thumb Code    38  stm32f1xx_hal_tim.o(i.HAL_TIM_Base_Stop)
    HAL_TIM_ConfigClockSource                0x08000fb7   Thumb Code   220  stm32f1xx_hal_tim.o(i.HAL_TIM_ConfigClockSource)
    HAL_TIM_IC_CaptureCallback               0x08001093   Thumb Code     2  stm32f1xx_hal_tim.o(i.HAL_TIM_IC_CaptureCallback)
    HAL_TIM_IRQHandler                       0x08001095   Thumb Code   304  stm32f1xx_hal_tim.o(i.HAL_TIM_IRQHandler)
    HAL_TIM_OC_DelayElapsedCallback          0x080011c5   Thumb Code     2  stm32f1xx_hal_tim.o(i.HAL_TIM_OC_DelayElapsedCallback)
    HAL_TIM_PWM_PulseFinishedCallback        0x080011c7   Thumb Code     2  stm32f1xx_hal_tim.o(i.HAL_TIM_PWM_PulseFinishedCallback)
    HAL_TIM_PeriodElapsedCallback            0x080011c9   Thumb Code    38  main.o(i.HAL_TIM_PeriodElapsedCallback)
    HAL_TIM_TriggerCallback                  0x080011fd   Thumb Code     2  stm32f1xx_hal_tim.o(i.HAL_TIM_TriggerCallback)
    HardFault_Handler                        0x080011ff   Thumb Code     2  stm32f1xx_it.o(i.HardFault_Handler)
    MX_FREERTOS_Init                         0x08001201   Thumb Code    32  freertos.o(i.MX_FREERTOS_Init)
    MX_GPIO_Init                             0x08001231   Thumb Code   120  gpio.o(i.MX_GPIO_Init)
    MX_TIM2_Init                             0x080012b5   Thumb Code   118  tim.o(i.MX_TIM2_Init)
    MemManage_Handler                        0x08001331   Thumb Code     2  stm32f1xx_it.o(i.MemManage_Handler)
    MyLED_FlashingPoliceLight                0x08001335   Thumb Code    52  myled.o(i.MyLED_FlashingPoliceLight)
    MyRTOSTask1                              0x08001371   Thumb Code    38  freertos.o(i.MyRTOSTask1)
    NMI_Handler                              0x080013a1   Thumb Code     2  stm32f1xx_it.o(i.NMI_Handler)
    OLED_Clear                               0x080013a3   Thumb Code    38  oled.o(i.OLED_Clear)
    OLED_I2C_Init                            0x080013c9   Thumb Code    74  oled.o(i.OLED_I2C_Init)
    OLED_I2C_SendByte                        0x0800141d   Thumb Code    94  oled.o(i.OLED_I2C_SendByte)
    OLED_I2C_Start                           0x08001481   Thumb Code    52  oled.o(i.OLED_I2C_Start)
    OLED_I2C_Stop                            0x080014b9   Thumb Code    42  oled.o(i.OLED_I2C_Stop)
    OLED_Init                                0x080014e9   Thumb Code   172  oled.o(i.OLED_Init)
    OLED_Pow                                 0x08001595   Thumb Code    14  oled.o(i.OLED_Pow)
    OLED_SetCursor                           0x080015a3   Thumb Code    34  oled.o(i.OLED_SetCursor)
    OLED_ShowChar                            0x080015c5   Thumb Code    98  oled.o(i.OLED_ShowChar)
    OLED_ShowHexNum                          0x0800162d   Thumb Code    68  oled.o(i.OLED_ShowHexNum)
    OLED_ShowNum                             0x08001671   Thumb Code    66  oled.o(i.OLED_ShowNum)
    OLED_ShowString                          0x080016b3   Thumb Code    38  oled.o(i.OLED_ShowString)
    OLED_WriteCommand                        0x080016d9   Thumb Code    34  oled.o(i.OLED_WriteCommand)
    OLED_WriteData                           0x080016fb   Thumb Code    34  oled.o(i.OLED_WriteData)
    StartDefaultTask                         0x0800171d   Thumb Code   140  freertos.o(i.StartDefaultTask)
    SysTick_Handler                          0x080017d5   Thumb Code    26  cmsis_os2.o(i.SysTick_Handler)
    SystemClock_Config                       0x080017ef   Thumb Code    94  main.o(i.SystemClock_Config)
    SystemInit                               0x0800184d   Thumb Code     2  system_stm32f1xx.o(i.SystemInit)
    TIM2_IRQHandler                          0x08001851   Thumb Code     6  stm32f1xx_it.o(i.TIM2_IRQHandler)
    TIM4_IRQHandler                          0x0800185d   Thumb Code     6  stm32f1xx_it.o(i.TIM4_IRQHandler)
    TIM_Base_SetConfig                       0x08001869   Thumb Code   108  stm32f1xx_hal_tim.o(i.TIM_Base_SetConfig)
    TIM_ETR_SetConfig                        0x080018e1   Thumb Code    20  stm32f1xx_hal_tim.o(i.TIM_ETR_SetConfig)
    UsageFault_Handler                       0x0800194b   Thumb Code     2  stm32f1xx_it.o(i.UsageFault_Handler)
    main                                     0x0800196d   Thumb Code    58  main.o(i.main)
    osDelay                                  0x080019b9   Thumb Code    26  cmsis_os2.o(i.osDelay)
    osKernelInitialize                       0x080019d5   Thumb Code    32  cmsis_os2.o(i.osKernelInitialize)
    osKernelStart                            0x080019f9   Thumb Code    48  cmsis_os2.o(i.osKernelStart)
    osThreadNew                              0x08001a31   Thumb Code   138  cmsis_os2.o(i.osThreadNew)
    pvPortMalloc                             0x08002251   Thumb Code   216  heap_4.o(i.pvPortMalloc)
    pxPortInitialiseStack                    0x0800232d   Thumb Code    32  port.o(i.pxPortInitialiseStack)
    uxListRemove                             0x08002351   Thumb Code    38  list.o(i.uxListRemove)
    vApplicationGetIdleTaskMemory            0x08002379   Thumb Code    16  cmsis_os2.o(i.vApplicationGetIdleTaskMemory)
    vApplicationGetTimerTaskMemory           0x0800238d   Thumb Code    18  cmsis_os2.o(i.vApplicationGetTimerTaskMemory)
    vListInitialise                          0x080023a5   Thumb Code    22  list.o(i.vListInitialise)
    vListInitialiseItem                      0x080023bb   Thumb Code     6  list.o(i.vListInitialiseItem)
    vListInsert                              0x080023c1   Thumb Code    48  list.o(i.vListInsert)
    vListInsertEnd                           0x080023f1   Thumb Code    24  list.o(i.vListInsertEnd)
    vPortEnterCritical                       0x08002409   Thumb Code    54  port.o(i.vPortEnterCritical)
    vPortExitCritical                        0x08002449   Thumb Code    34  port.o(i.vPortExitCritical)
    vPortFree                                0x08002471   Thumb Code    94  heap_4.o(i.vPortFree)
    vPortSetupTimerInterrupt                 0x080024d5   Thumb Code    32  port.o(i.vPortSetupTimerInterrupt)
    vPortValidateInterruptPriority           0x080024f9   Thumb Code    74  port.o(i.vPortValidateInterruptPriority)
    vQueueAddToRegistry                      0x0800254d   Thumb Code    34  queue.o(i.vQueueAddToRegistry)
    vQueueWaitForMessageRestricted           0x08002575   Thumb Code    68  queue.o(i.vQueueWaitForMessageRestricted)
    vTaskDelay                               0x080025b9   Thumb Code    66  tasks.o(i.vTaskDelay)
    vTaskInternalSetTimeOutState             0x08002605   Thumb Code    12  tasks.o(i.vTaskInternalSetTimeOutState)
    vTaskMissedYield                         0x08002615   Thumb Code     8  tasks.o(i.vTaskMissedYield)
    vTaskPlaceOnEventList                    0x08002621   Thumb Code    44  tasks.o(i.vTaskPlaceOnEventList)
    vTaskPlaceOnEventListRestricted          0x08002651   Thumb Code    52  tasks.o(i.vTaskPlaceOnEventListRestricted)
    vTaskStartScheduler                      0x08002689   Thumb Code   118  tasks.o(i.vTaskStartScheduler)
    vTaskSuspendAll                          0x08002711   Thumb Code    10  tasks.o(i.vTaskSuspendAll)
    vTaskSwitchContext                       0x08002721   Thumb Code    90  tasks.o(i.vTaskSwitchContext)
    xPortStartScheduler                      0x08002785   Thumb Code   154  port.o(i.xPortStartScheduler)
    xPortSysTickHandler                      0x0800282d   Thumb Code    38  port.o(i.xPortSysTickHandler)
    xQueueGenericCreateStatic                0x08002859   Thumb Code   102  queue.o(i.xQueueGenericCreateStatic)
    xQueueGenericReset                       0x080028c1   Thumb Code   132  queue.o(i.xQueueGenericReset)
    xQueueGenericSend                        0x08002949   Thumb Code   346  queue.o(i.xQueueGenericSend)
    xQueueGenericSendFromISR                 0x08002aa9   Thumb Code   190  queue.o(i.xQueueGenericSendFromISR)
    xQueueReceive                            0x08002b69   Thumb Code   308  queue.o(i.xQueueReceive)
    xTaskCheckForTimeOut                     0x08002ca1   Thumb Code   112  tasks.o(i.xTaskCheckForTimeOut)
    xTaskCreate                              0x08002d15   Thumb Code    90  tasks.o(i.xTaskCreate)
    xTaskCreateStatic                        0x08002d6f   Thumb Code    86  tasks.o(i.xTaskCreateStatic)
    xTaskGetSchedulerState                   0x08002dc5   Thumb Code    22  tasks.o(i.xTaskGetSchedulerState)
    xTaskGetTickCount                        0x08002de1   Thumb Code     6  tasks.o(i.xTaskGetTickCount)
    xTaskIncrementTick                       0x08002ded   Thumb Code   192  tasks.o(i.xTaskIncrementTick)
    xTaskPriorityDisinherit                  0x08002eb5   Thumb Code   118  tasks.o(i.xTaskPriorityDisinherit)
    xTaskRemoveFromEventList                 0x08002f35   Thumb Code    98  tasks.o(i.xTaskRemoveFromEventList)
    xTaskResumeAll                           0x08002fa5   Thumb Code   182  tasks.o(i.xTaskResumeAll)
    xTimerCreateTimerTask                    0x08003069   Thumb Code    78  timers.o(i.xTimerCreateTimerTask)
    xTimerGenericCommand                     0x080030c9   Thumb Code    98  timers.o(i.xTimerGenericCommand)
    AHBPrescTable                            0x08003142   Data          16  system_stm32f1xx.o(.constdata)
    APBPrescTable                            0x08003152   Data           8  system_stm32f1xx.o(.constdata)
    OLED_F8x16                               0x0800315a   Data        1520  oled.o(.constdata)
    defaultTask_attributes                   0x0800374c   Data          36  freertos.o(.constdata)
    MyRTOSConfig1                            0x08003770   Data          36  freertos.o(.constdata)
    Region$$Table$$Base                      0x080037ac   Number         0  anon$$obj.o(Region$$Table)
    Region$$Table$$Limit                     0x080037cc   Number         0  anon$$obj.o(Region$$Table)
    uwTickFreq                               0x20000000   Data           1  stm32f1xx_hal.o(.data)
    uwTickPrio                               0x20000004   Data           4  stm32f1xx_hal.o(.data)
    uwTick                                   0x20000008   Data           4  stm32f1xx_hal.o(.data)
    SystemCoreClock                          0x2000000c   Data           4  system_stm32f1xx.o(.data)
    pxCurrentTCB                             0x20000010   Data           4  tasks.o(.data)
    InfraredFalg                             0x20000094   Data           1  infrared.o(.data)
    Count                                    0x20000096   Data           2  infrared.o(.data)
    MyLEDControl                             0x20000098   Data           1  freertos.o(.data)
    defaultTaskHandle                        0x2000009c   Data           4  freertos.o(.data)
    MyRTOSID                                 0x200000a0   Data           4  freertos.o(.data)
    InfraredDat                              0x200000a4   Data           5  freertos.o(.data)
    xQueueRegistry                           0x200000ac   Data          64  queue.o(.bss)
    htim2                                    0x20001980   Data          72  tim.o(.bss)
    htim4                                    0x200019c8   Data          72  stm32f1xx_hal_timebase_tim.o(.bss)
    __libspace_start                         0x20001a10   Data          96  libspace.o(.bss)
    __temporary_stack_top$libspace           0x20001a70   Data           0  libspace.o(.bss)



==============================================================================

Memory Map of the image

  Image Entry point : 0x080000ed

  Load Region LR_IROM1 (Base: 0x08000000, Size: 0x00003878, Max: 0x00010000, ABSOLUTE)

    Execution Region ER_IROM1 (Exec base: 0x08000000, Load base: 0x08000000, Size: 0x000037cc, Max: 0x00010000, ABSOLUTE)

    Exec Addr    Load Addr    Size         Type   Attr      Idx    E Section Name        Object

    0x08000000   0x08000000   0x000000ec   Data   RO            3    RESET               startup_stm32f103xb.o
    0x080000ec   0x080000ec   0x00000008   Code   RO         4484  * !!!main             c_w.l(__main.o)
    0x080000f4   0x080000f4   0x00000034   Code   RO         4647    !!!scatter          c_w.l(__scatter.o)
    0x08000128   0x08000128   0x0000001a   Code   RO         4649    !!handler_copy      c_w.l(__scatter_copy.o)
    0x08000142   0x08000142   0x00000002   PAD
    0x08000144   0x08000144   0x0000001c   Code   RO         4651    !!handler_zi        c_w.l(__scatter_zi.o)
    0x08000160   0x08000160   0x00000002   Code   RO         4515    .ARM.Collect$$libinit$$00000000  c_w.l(libinit.o)
    0x08000162   0x08000162   0x00000000   Code   RO         4522    .ARM.Collect$$libinit$$00000002  c_w.l(libinit2.o)
    0x08000162   0x08000162   0x00000000   Code   RO         4524    .ARM.Collect$$libinit$$00000004  c_w.l(libinit2.o)
    0x08000162   0x08000162   0x00000000   Code   RO         4527    .ARM.Collect$$libinit$$0000000A  c_w.l(libinit2.o)
    0x08000162   0x08000162   0x00000000   Code   RO         4529    .ARM.Collect$$libinit$$0000000C  c_w.l(libinit2.o)
    0x08000162   0x08000162   0x00000000   Code   RO         4531    .ARM.Collect$$libinit$$0000000E  c_w.l(libinit2.o)
    0x08000162   0x08000162   0x00000000   Code   RO         4534    .ARM.Collect$$libinit$$00000011  c_w.l(libinit2.o)
    0x08000162   0x08000162   0x00000000   Code   RO         4536    .ARM.Collect$$libinit$$00000013  c_w.l(libinit2.o)
    0x08000162   0x08000162   0x00000000   Code   RO         4538    .ARM.Collect$$libinit$$00000015  c_w.l(libinit2.o)
    0x08000162   0x08000162   0x00000000   Code   RO         4540    .ARM.Collect$$libinit$$00000017  c_w.l(libinit2.o)
    0x08000162   0x08000162   0x00000000   Code   RO         4542    .ARM.Collect$$libinit$$00000019  c_w.l(libinit2.o)
    0x08000162   0x08000162   0x00000000   Code   RO         4544    .ARM.Collect$$libinit$$0000001B  c_w.l(libinit2.o)
    0x08000162   0x08000162   0x00000000   Code   RO         4546    .ARM.Collect$$libinit$$0000001D  c_w.l(libinit2.o)
    0x08000162   0x08000162   0x00000000   Code   RO         4548    .ARM.Collect$$libinit$$0000001F  c_w.l(libinit2.o)
    0x08000162   0x08000162   0x00000000   Code   RO         4550    .ARM.Collect$$libinit$$00000021  c_w.l(libinit2.o)
    0x08000162   0x08000162   0x00000000   Code   RO         4552    .ARM.Collect$$libinit$$00000023  c_w.l(libinit2.o)
    0x08000162   0x08000162   0x00000000   Code   RO         4554    .ARM.Collect$$libinit$$00000025  c_w.l(libinit2.o)
    0x08000162   0x08000162   0x00000000   Code   RO         4558    .ARM.Collect$$libinit$$0000002C  c_w.l(libinit2.o)
    0x08000162   0x08000162   0x00000000   Code   RO         4560    .ARM.Collect$$libinit$$0000002E  c_w.l(libinit2.o)
    0x08000162   0x08000162   0x00000000   Code   RO         4562    .ARM.Collect$$libinit$$00000030  c_w.l(libinit2.o)
    0x08000162   0x08000162   0x00000000   Code   RO         4564    .ARM.Collect$$libinit$$00000032  c_w.l(libinit2.o)
    0x08000162   0x08000162   0x00000002   Code   RO         4565    .ARM.Collect$$libinit$$00000033  c_w.l(libinit2.o)
    0x08000164   0x08000164   0x00000002   Code   RO         4585    .ARM.Collect$$libshutdown$$00000000  c_w.l(libshutdown.o)
    0x08000166   0x08000166   0x00000000   Code   RO         4598    .ARM.Collect$$libshutdown$$00000002  c_w.l(libshutdown2.o)
    0x08000166   0x08000166   0x00000000   Code   RO         4600    .ARM.Collect$$libshutdown$$00000004  c_w.l(libshutdown2.o)
    0x08000166   0x08000166   0x00000000   Code   RO         4602    .ARM.Collect$$libshutdown$$00000006  c_w.l(libshutdown2.o)
    0x08000166   0x08000166   0x00000000   Code   RO         4605    .ARM.Collect$$libshutdown$$00000009  c_w.l(libshutdown2.o)
    0x08000166   0x08000166   0x00000000   Code   RO         4608    .ARM.Collect$$libshutdown$$0000000C  c_w.l(libshutdown2.o)
    0x08000166   0x08000166   0x00000000   Code   RO         4610    .ARM.Collect$$libshutdown$$0000000E  c_w.l(libshutdown2.o)
    0x08000166   0x08000166   0x00000000   Code   RO         4613    .ARM.Collect$$libshutdown$$00000011  c_w.l(libshutdown2.o)
    0x08000166   0x08000166   0x00000002   Code   RO         4614    .ARM.Collect$$libshutdown$$00000012  c_w.l(libshutdown2.o)
    0x08000168   0x08000168   0x00000000   Code   RO         4486    .ARM.Collect$$rtentry$$00000000  c_w.l(__rtentry.o)
    0x08000168   0x08000168   0x00000000   Code   RO         4492    .ARM.Collect$$rtentry$$00000002  c_w.l(__rtentry2.o)
    0x08000168   0x08000168   0x00000006   Code   RO         4504    .ARM.Collect$$rtentry$$00000004  c_w.l(__rtentry4.o)
    0x0800016e   0x0800016e   0x00000000   Code   RO         4494    .ARM.Collect$$rtentry$$00000009  c_w.l(__rtentry2.o)
    0x0800016e   0x0800016e   0x00000004   Code   RO         4495    .ARM.Collect$$rtentry$$0000000A  c_w.l(__rtentry2.o)
    0x08000172   0x08000172   0x00000000   Code   RO         4497    .ARM.Collect$$rtentry$$0000000C  c_w.l(__rtentry2.o)
    0x08000172   0x08000172   0x00000008   Code   RO         4498    .ARM.Collect$$rtentry$$0000000D  c_w.l(__rtentry2.o)
    0x0800017a   0x0800017a   0x00000002   Code   RO         4519    .ARM.Collect$$rtexit$$00000000  c_w.l(rtexit.o)
    0x0800017c   0x0800017c   0x00000000   Code   RO         4567    .ARM.Collect$$rtexit$$00000002  c_w.l(rtexit2.o)
    0x0800017c   0x0800017c   0x00000004   Code   RO         4568    .ARM.Collect$$rtexit$$00000003  c_w.l(rtexit2.o)
    0x08000180   0x08000180   0x00000006   Code   RO         4569    .ARM.Collect$$rtexit$$00000004  c_w.l(rtexit2.o)
    0x08000186   0x08000186   0x00000002   PAD
    0x08000188   0x08000188   0x00000096   Code   RO         3829    .emb_text           port.o
    0x0800021e   0x0800021e   0x00000002   PAD
    0x08000220   0x08000220   0x00000040   Code   RO            4    .text               startup_stm32f103xb.o
    0x08000260   0x08000260   0x0000008a   Code   RO         4474    .text               c_w.l(rt_memcpy_v6.o)
    0x080002ea   0x080002ea   0x00000010   Code   RO         4478    .text               c_w.l(aeabi_memset.o)
    0x080002fa   0x080002fa   0x0000004e   Code   RO         4480    .text               c_w.l(rt_memclr_w.o)
    0x08000348   0x08000348   0x00000006   Code   RO         4482    .text               c_w.l(heapauxi.o)
    0x0800034e   0x0800034e   0x00000064   Code   RO         4487    .text               c_w.l(rt_memcpy_w.o)
    0x080003b2   0x080003b2   0x00000044   Code   RO         4489    .text               c_w.l(rt_memclr.o)
    0x080003f6   0x080003f6   0x0000004a   Code   RO         4506    .text               c_w.l(sys_stackheap_outer.o)
    0x08000440   0x08000440   0x00000012   Code   RO         4508    .text               c_w.l(exit.o)
    0x08000452   0x08000452   0x00000002   PAD
    0x08000454   0x08000454   0x00000008   Code   RO         4516    .text               c_w.l(libspace.o)
    0x0800045c   0x0800045c   0x0000000c   Code   RO         4577    .text               c_w.l(sys_exit.o)
    0x08000468   0x08000468   0x00000002   Code   RO         4588    .text               c_w.l(use_no_semi.o)
    0x0800046a   0x0800046a   0x00000000   Code   RO         4590    .text               c_w.l(indicate_semi.o)
    0x0800046a   0x0800046a   0x00000002   Code   RO         4334    i.BusFault_Handler  stm32f1xx_it.o
    0x0800046c   0x0800046c   0x00000002   Code   RO         4335    i.DebugMon_Handler  stm32f1xx_it.o
    0x0800046e   0x0800046e   0x00000008   Code   RO         4336    i.EXTI9_5_IRQHandler  stm32f1xx_it.o
    0x08000476   0x08000476   0x00000004   Code   RO         4166    i.Error_Handler     main.o
    0x0800047a   0x0800047a   0x00000002   PAD
    0x0800047c   0x0800047c   0x000000e0   Code   RO         4076    i.HAL_GPIO_EXTI_Callback  infrared.o
    0x0800055c   0x0800055c   0x00000018   Code   RO         1420    i.HAL_GPIO_EXTI_IRQHandler  stm32f1xx_hal_gpio.o
    0x08000574   0x08000574   0x000001e0   Code   RO         1421    i.HAL_GPIO_Init     stm32f1xx_hal_gpio.o
    0x08000754   0x08000754   0x00000004   Code   RO         3909    i.HAL_GPIO_Write    myled.o
    0x08000758   0x08000758   0x0000000a   Code   RO         1425    i.HAL_GPIO_WritePin  stm32f1xx_hal_gpio.o
    0x08000762   0x08000762   0x00000002   PAD
    0x08000764   0x08000764   0x0000000c   Code   RO         1115    i.HAL_GetTick       stm32f1xx_hal.o
    0x08000770   0x08000770   0x00000010   Code   RO         1121    i.HAL_IncTick       stm32f1xx_hal.o
    0x08000780   0x08000780   0x00000024   Code   RO         1122    i.HAL_Init          stm32f1xx_hal.o
    0x080007a4   0x080007a4   0x00000098   Code   RO         4434    i.HAL_InitTick      stm32f1xx_hal_timebase_tim.o
    0x0800083c   0x0800083c   0x00000048   Code   RO         4410    i.HAL_MspInit       stm32f1xx_hal_msp.o
    0x08000884   0x08000884   0x0000001a   Code   RO         1581    i.HAL_NVIC_EnableIRQ  stm32f1xx_hal_cortex.o
    0x0800089e   0x0800089e   0x00000002   PAD
    0x080008a0   0x080008a0   0x00000040   Code   RO         1587    i.HAL_NVIC_SetPriority  stm32f1xx_hal_cortex.o
    0x080008e0   0x080008e0   0x00000024   Code   RO         1588    i.HAL_NVIC_SetPriorityGrouping  stm32f1xx_hal_cortex.o
    0x08000904   0x08000904   0x0000012c   Code   RO         1279    i.HAL_RCC_ClockConfig  stm32f1xx_hal_rcc.o
    0x08000a30   0x08000a30   0x00000040   Code   RO         1283    i.HAL_RCC_GetClockConfig  stm32f1xx_hal_rcc.o
    0x08000a70   0x08000a70   0x00000020   Code   RO         1286    i.HAL_RCC_GetPCLK1Freq  stm32f1xx_hal_rcc.o
    0x08000a90   0x08000a90   0x0000004c   Code   RO         1288    i.HAL_RCC_GetSysClockFreq  stm32f1xx_hal_rcc.o
    0x08000adc   0x08000adc   0x00000320   Code   RO         1291    i.HAL_RCC_OscConfig  stm32f1xx_hal_rcc.o
    0x08000dfc   0x08000dfc   0x00000002   Code   RO          837    i.HAL_TIMEx_BreakCallback  stm32f1xx_hal_tim_ex.o
    0x08000dfe   0x08000dfe   0x00000002   Code   RO          838    i.HAL_TIMEx_CommutCallback  stm32f1xx_hal_tim_ex.o
    0x08000e00   0x08000e00   0x00000068   Code   RO          856    i.HAL_TIMEx_MasterConfigSynchronization  stm32f1xx_hal_tim_ex.o
    0x08000e68   0x08000e68   0x0000005a   Code   RO          133    i.HAL_TIM_Base_Init  stm32f1xx_hal_tim.o
    0x08000ec2   0x08000ec2   0x00000002   PAD
    0x08000ec4   0x08000ec4   0x00000024   Code   RO         4293    i.HAL_TIM_Base_MspInit  tim.o
    0x08000ee8   0x08000ee8   0x00000050   Code   RO          136    i.HAL_TIM_Base_Start  stm32f1xx_hal_tim.o
    0x08000f38   0x08000f38   0x00000058   Code   RO          138    i.HAL_TIM_Base_Start_IT  stm32f1xx_hal_tim.o
    0x08000f90   0x08000f90   0x00000026   Code   RO          139    i.HAL_TIM_Base_Stop  stm32f1xx_hal_tim.o
    0x08000fb6   0x08000fb6   0x000000dc   Code   RO          142    i.HAL_TIM_ConfigClockSource  stm32f1xx_hal_tim.o
    0x08001092   0x08001092   0x00000002   Code   RO          167    i.HAL_TIM_IC_CaptureCallback  stm32f1xx_hal_tim.o
    0x08001094   0x08001094   0x00000130   Code   RO          181    i.HAL_TIM_IRQHandler  stm32f1xx_hal_tim.o
    0x080011c4   0x080011c4   0x00000002   Code   RO          184    i.HAL_TIM_OC_DelayElapsedCallback  stm32f1xx_hal_tim.o
    0x080011c6   0x080011c6   0x00000002   Code   RO          211    i.HAL_TIM_PWM_PulseFinishedCallback  stm32f1xx_hal_tim.o
    0x080011c8   0x080011c8   0x00000034   Code   RO         4167    i.HAL_TIM_PeriodElapsedCallback  main.o
    0x080011fc   0x080011fc   0x00000002   Code   RO          224    i.HAL_TIM_TriggerCallback  stm32f1xx_hal_tim.o
    0x080011fe   0x080011fe   0x00000002   Code   RO         4337    i.HardFault_Handler  stm32f1xx_it.o
    0x08001200   0x08001200   0x00000030   Code   RO         4247    i.MX_FREERTOS_Init  freertos.o
    0x08001230   0x08001230   0x00000084   Code   RO         4223    i.MX_GPIO_Init      gpio.o
    0x080012b4   0x080012b4   0x0000007c   Code   RO         4294    i.MX_TIM2_Init      tim.o
    0x08001330   0x08001330   0x00000002   Code   RO         4338    i.MemManage_Handler  stm32f1xx_it.o
    0x08001332   0x08001332   0x00000002   PAD
    0x08001334   0x08001334   0x0000003c   Code   RO         3911    i.MyLED_FlashingPoliceLight  myled.o
    0x08001370   0x08001370   0x00000030   Code   RO         4248    i.MyRTOSTask1       freertos.o
    0x080013a0   0x080013a0   0x00000002   Code   RO         4339    i.NMI_Handler       stm32f1xx_it.o
    0x080013a2   0x080013a2   0x00000026   Code   RO         3961    i.OLED_Clear        oled.o
    0x080013c8   0x080013c8   0x00000054   Code   RO         3962    i.OLED_I2C_Init     oled.o
    0x0800141c   0x0800141c   0x00000064   Code   RO         3963    i.OLED_I2C_SendByte  oled.o
    0x08001480   0x08001480   0x00000038   Code   RO         3964    i.OLED_I2C_Start    oled.o
    0x080014b8   0x080014b8   0x00000030   Code   RO         3965    i.OLED_I2C_Stop     oled.o
    0x080014e8   0x080014e8   0x000000ac   Code   RO         3966    i.OLED_Init         oled.o
    0x08001594   0x08001594   0x0000000e   Code   RO         3967    i.OLED_Pow          oled.o
    0x080015a2   0x080015a2   0x00000022   Code   RO         3968    i.OLED_SetCursor    oled.o
    0x080015c4   0x080015c4   0x00000068   Code   RO         3970    i.OLED_ShowChar     oled.o
    0x0800162c   0x0800162c   0x00000044   Code   RO         3971    i.OLED_ShowHexNum   oled.o
    0x08001670   0x08001670   0x00000042   Code   RO         3972    i.OLED_ShowNum      oled.o
    0x080016b2   0x080016b2   0x00000026   Code   RO         3974    i.OLED_ShowString   oled.o
    0x080016d8   0x080016d8   0x00000022   Code   RO         3975    i.OLED_WriteCommand  oled.o
    0x080016fa   0x080016fa   0x00000022   Code   RO         3976    i.OLED_WriteData    oled.o
    0x0800171c   0x0800171c   0x000000b8   Code   RO         4249    i.StartDefaultTask  freertos.o
    0x080017d4   0x080017d4   0x0000001a   Code   RO         3257    i.SysTick_Handler   cmsis_os2.o
    0x080017ee   0x080017ee   0x0000005e   Code   RO         4168    i.SystemClock_Config  main.o
    0x0800184c   0x0800184c   0x00000002   Code   RO         2082    i.SystemInit        system_stm32f1xx.o
    0x0800184e   0x0800184e   0x00000002   PAD
    0x08001850   0x08001850   0x0000000c   Code   RO         4340    i.TIM2_IRQHandler   stm32f1xx_it.o
    0x0800185c   0x0800185c   0x0000000c   Code   RO         4341    i.TIM4_IRQHandler   stm32f1xx_it.o
    0x08001868   0x08001868   0x00000078   Code   RO          226    i.TIM_Base_SetConfig  stm32f1xx_hal_tim.o
    0x080018e0   0x080018e0   0x00000014   Code   RO          237    i.TIM_ETR_SetConfig  stm32f1xx_hal_tim.o
    0x080018f4   0x080018f4   0x00000010   Code   RO          238    i.TIM_ITRx_SetConfig  stm32f1xx_hal_tim.o
    0x08001904   0x08001904   0x00000022   Code   RO          244    i.TIM_TI1_ConfigInputStage  stm32f1xx_hal_tim.o
    0x08001926   0x08001926   0x00000024   Code   RO          246    i.TIM_TI2_ConfigInputStage  stm32f1xx_hal_tim.o
    0x0800194a   0x0800194a   0x00000002   Code   RO         4342    i.UsageFault_Handler  stm32f1xx_it.o
    0x0800194c   0x0800194c   0x00000020   Code   RO         1594    i.__NVIC_SetPriority  stm32f1xx_hal_cortex.o
    0x0800196c   0x0800196c   0x0000004c   Code   RO         4169    i.main              main.o
    0x080019b8   0x080019b8   0x0000001a   Code   RO         3259    i.osDelay           cmsis_os2.o
    0x080019d2   0x080019d2   0x00000002   PAD
    0x080019d4   0x080019d4   0x00000024   Code   RO         3273    i.osKernelInitialize  cmsis_os2.o
    0x080019f8   0x080019f8   0x00000038   Code   RO         3276    i.osKernelStart     cmsis_os2.o
    0x08001a30   0x08001a30   0x0000008a   Code   RO         3318    i.osThreadNew       cmsis_os2.o
    0x08001aba   0x08001aba   0x00000002   PAD
    0x08001abc   0x08001abc   0x0000005c   Code   RO         2718    i.prvAddCurrentTaskToDelayedList  tasks.o
    0x08001b18   0x08001b18   0x000000d0   Code   RO         2719    i.prvAddNewTaskToReadyList  tasks.o
    0x08001be8   0x08001be8   0x00000058   Code   RO         3083    i.prvCheckForValidListAndQueue  timers.o
    0x08001c40   0x08001c40   0x00000026   Code   RO         2315    i.prvCopyDataFromQueue  queue.o
    0x08001c66   0x08001c66   0x0000006c   Code   RO         2316    i.prvCopyDataToQueue  queue.o
    0x08001cd2   0x08001cd2   0x00000034   Code   RO         2720    i.prvDeleteTCB      tasks.o
    0x08001d06   0x08001d06   0x00000002   PAD
    0x08001d08   0x08001d08   0x0000004c   Code   RO         3774    i.prvHeapInit       heap_4.o
    0x08001d54   0x08001d54   0x00000060   Code   RO         2721    i.prvIdleTask       tasks.o
    0x08001db4   0x08001db4   0x00000022   Code   RO         2318    i.prvInitialiseNewQueue  queue.o
    0x08001dd6   0x08001dd6   0x00000002   PAD
    0x08001dd8   0x08001dd8   0x000000b0   Code   RO         2722    i.prvInitialiseNewTask  tasks.o
    0x08001e88   0x08001e88   0x0000004c   Code   RO         3775    i.prvInsertBlockIntoFreeList  heap_4.o
    0x08001ed4   0x08001ed4   0x00000038   Code   RO         3085    i.prvInsertTimerInActiveList  timers.o
    0x08001f0c   0x08001f0c   0x0000001c   Code   RO         2319    i.prvIsQueueEmpty   queue.o
    0x08001f28   0x08001f28   0x000000fc   Code   RO         3086    i.prvProcessReceivedCommands  timers.o
    0x08002024   0x08002024   0x000000c0   Code   RO         3087    i.prvProcessTimerOrBlockTask  timers.o
    0x080020e4   0x080020e4   0x00000020   Code   RO         2724    i.prvResetNextTaskUnblockTime  tasks.o
    0x08002104   0x08002104   0x00000028   Code   RO         3088    i.prvSampleTimeNow  timers.o
    0x0800212c   0x0800212c   0x0000006c   Code   RO         3089    i.prvSwitchTimerLists  timers.o
    0x08002198   0x08002198   0x00000028   Code   RO         3830    i.prvTaskExitError  port.o
    0x080021c0   0x080021c0   0x00000024   Code   RO         3090    i.prvTimerTask      timers.o
    0x080021e4   0x080021e4   0x0000006a   Code   RO         2320    i.prvUnlockQueue    queue.o
    0x0800224e   0x0800224e   0x00000002   PAD
    0x08002250   0x08002250   0x000000dc   Code   RO         3776    i.pvPortMalloc      heap_4.o
    0x0800232c   0x0800232c   0x00000024   Code   RO         3831    i.pxPortInitialiseStack  port.o
    0x08002350   0x08002350   0x00000026   Code   RO         2275    i.uxListRemove      list.o
    0x08002376   0x08002376   0x00000002   PAD
    0x08002378   0x08002378   0x00000014   Code   RO         3330    i.vApplicationGetIdleTaskMemory  cmsis_os2.o
    0x0800238c   0x0800238c   0x00000018   Code   RO         3331    i.vApplicationGetTimerTaskMemory  cmsis_os2.o
    0x080023a4   0x080023a4   0x00000016   Code   RO         2276    i.vListInitialise   list.o
    0x080023ba   0x080023ba   0x00000006   Code   RO         2277    i.vListInitialiseItem  list.o
    0x080023c0   0x080023c0   0x00000030   Code   RO         2278    i.vListInsert       list.o
    0x080023f0   0x080023f0   0x00000018   Code   RO         2279    i.vListInsertEnd    list.o
    0x08002408   0x08002408   0x00000040   Code   RO         3833    i.vPortEnterCritical  port.o
    0x08002448   0x08002448   0x00000028   Code   RO         3834    i.vPortExitCritical  port.o
    0x08002470   0x08002470   0x00000064   Code   RO         3777    i.vPortFree         heap_4.o
    0x080024d4   0x080024d4   0x00000024   Code   RO         3835    i.vPortSetupTimerInterrupt  port.o
    0x080024f8   0x080024f8   0x00000054   Code   RO         3836    i.vPortValidateInterruptPriority  port.o
    0x0800254c   0x0800254c   0x00000028   Code   RO         2326    i.vQueueAddToRegistry  queue.o
    0x08002574   0x08002574   0x00000044   Code   RO         2330    i.vQueueWaitForMessageRestricted  queue.o
    0x080025b8   0x080025b8   0x0000004c   Code   RO         2737    i.vTaskDelay        tasks.o
    0x08002604   0x08002604   0x00000010   Code   RO         2742    i.vTaskInternalSetTimeOutState  tasks.o
    0x08002614   0x08002614   0x0000000c   Code   RO         2743    i.vTaskMissedYield  tasks.o
    0x08002620   0x08002620   0x00000030   Code   RO         2745    i.vTaskPlaceOnEventList  tasks.o
    0x08002650   0x08002650   0x00000038   Code   RO         2746    i.vTaskPlaceOnEventListRestricted  tasks.o
    0x08002688   0x08002688   0x00000088   Code   RO         2754    i.vTaskStartScheduler  tasks.o
    0x08002710   0x08002710   0x00000010   Code   RO         2756    i.vTaskSuspendAll   tasks.o
    0x08002720   0x08002720   0x00000064   Code   RO         2757    i.vTaskSwitchContext  tasks.o
    0x08002784   0x08002784   0x000000a8   Code   RO         3837    i.xPortStartScheduler  port.o
    0x0800282c   0x0800282c   0x0000002c   Code   RO         3838    i.xPortSysTickHandler  port.o
    0x08002858   0x08002858   0x00000066   Code   RO         2336    i.xQueueGenericCreateStatic  queue.o
    0x080028be   0x080028be   0x00000002   PAD
    0x080028c0   0x080028c0   0x00000088   Code   RO         2337    i.xQueueGenericReset  queue.o
    0x08002948   0x08002948   0x00000160   Code   RO         2338    i.xQueueGenericSend  queue.o
    0x08002aa8   0x08002aa8   0x000000be   Code   RO         2339    i.xQueueGenericSendFromISR  queue.o
    0x08002b66   0x08002b66   0x00000002   PAD
    0x08002b68   0x08002b68   0x00000138   Code   RO         2348    i.xQueueReceive     queue.o
    0x08002ca0   0x08002ca0   0x00000074   Code   RO         2759    i.xTaskCheckForTimeOut  tasks.o
    0x08002d14   0x08002d14   0x0000005a   Code   RO         2760    i.xTaskCreate       tasks.o
    0x08002d6e   0x08002d6e   0x00000056   Code   RO         2761    i.xTaskCreateStatic  tasks.o
    0x08002dc4   0x08002dc4   0x0000001c   Code   RO         2765    i.xTaskGetSchedulerState  tasks.o
    0x08002de0   0x08002de0   0x0000000c   Code   RO         2766    i.xTaskGetTickCount  tasks.o
    0x08002dec   0x08002dec   0x000000c8   Code   RO         2768    i.xTaskIncrementTick  tasks.o
    0x08002eb4   0x08002eb4   0x00000080   Code   RO         2771    i.xTaskPriorityDisinherit  tasks.o
    0x08002f34   0x08002f34   0x00000070   Code   RO         2773    i.xTaskRemoveFromEventList  tasks.o
    0x08002fa4   0x08002fa4   0x000000c4   Code   RO         2774    i.xTaskResumeAll    tasks.o
    0x08003068   0x08003068   0x00000060   Code   RO         3099    i.xTimerCreateTimerTask  timers.o
    0x080030c8   0x080030c8   0x00000068   Code   RO         3100    i.xTimerGenericCommand  timers.o
    0x08003130   0x08003130   0x00000012   Data   RO         1292    .constdata          stm32f1xx_hal_rcc.o
    0x08003142   0x08003142   0x00000010   Data   RO         2083    .constdata          system_stm32f1xx.o
    0x08003152   0x08003152   0x00000008   Data   RO         2084    .constdata          system_stm32f1xx.o
    0x0800315a   0x0800315a   0x000005f0   Data   RO         3977    .constdata          oled.o
    0x0800374a   0x0800374a   0x00000002   PAD
    0x0800374c   0x0800374c   0x00000048   Data   RO         4250    .constdata          freertos.o
    0x08003794   0x08003794   0x00000018   Data   RO         4251    .conststring        freertos.o
    0x080037ac   0x080037ac   0x00000020   Data   RO         4645    Region$$Table       anon$$obj.o


    Execution Region RW_IRAM1 (Exec base: 0x20000000, Load base: 0x080037cc, Size: 0x00002070, Max: 0x00005000, ABSOLUTE)

    Exec Addr    Load Addr    Size         Type   Attr      Idx    E Section Name        Object

    0x20000000   0x080037cc   0x0000000c   Data   RW         1129    .data               stm32f1xx_hal.o
    0x2000000c   0x080037d8   0x00000004   Data   RW         2085    .data               system_stm32f1xx.o
    0x20000010   0x080037dc   0x0000003c   Data   RW         2777    .data               tasks.o
    0x2000004c   0x08003818   0x00000014   Data   RW         3108    .data               timers.o
    0x20000060   0x0800382c   0x00000004   Data   RW         3333    .data               cmsis_os2.o
    0x20000064   0x08003830   0x00000020   Data   RW         3783    .data               heap_4.o
    0x20000084   0x08003850   0x0000000c   Data   RW         3839    .data               port.o
    0x20000090   0x0800385c   0x00000001   Data   RW         3913    .data               myled.o
    0x20000091   0x0800385d   0x00000001   PAD
    0x20000092   0x0800385e   0x00000006   Data   RW         4077    .data               infrared.o
    0x20000098   0x08003864   0x00000011   Data   RW         4252    .data               freertos.o
    0x200000a9   0x08003875   0x00000003   PAD
    0x200000ac        -       0x00000040   Zero   RW         2352    .bss                queue.o
    0x200000ec        -       0x000004c4   Zero   RW         2776    .bss                tasks.o
    0x200005b0        -       0x00000118   Zero   RW         3107    .bss                timers.o
    0x200006c8        -       0x000006b8   Zero   RW         3332    .bss                cmsis_os2.o
    0x20000d80        -       0x00000c00   Zero   RW         3782    .bss                heap_4.o
    0x20001980        -       0x00000048   Zero   RW         4295    .bss                tim.o
    0x200019c8        -       0x00000048   Zero   RW         4437    .bss                stm32f1xx_hal_timebase_tim.o
    0x20001a10        -       0x00000060   Zero   RW         4517    .bss                c_w.l(libspace.o)
    0x20001a70        -       0x00000200   Zero   RW            2    HEAP                startup_stm32f103xb.o
    0x20001c70        -       0x00000400   Zero   RW            1    STACK               startup_stm32f103xb.o


==============================================================================

Image component sizes


      Code (inc. data)   RO Data    RW Data    ZI Data      Debug   Object Name

       326         22          0          4       1720      59155   cmsis_os2.o
         0          0          0          0          0       7180   croutine.o
         0          0          0          0          0      19756   event_groups.o
       280         70         96         17          0       2655   freertos.o
       132         12          0          0          0        955   gpio.o
       472         24          0         32       3072       4939   heap_4.o
       224         12          0          6          0       1062   infrared.o
       138          0          0          0          0       3570   list.o
       226         32          0          0          0       6539   main.o
        64          8          0          1          0       1477   myled.o
       890         32       1520          0          0       9541   oled.o
       662         70          0         12          0      11061   port.o
      1514         20          0          0         64      17476   queue.o
        64         26        236          0       1536        824   startup_stm32f103xb.o
        64         14          0         12          0       4814   stm32f1xx_hal.o
       158         14          0          0          0      28330   stm32f1xx_hal_cortex.o
       514         40          0          0          0       3599   stm32f1xx_hal_gpio.o
         0          0          0          0          0     417204   stm32f1xx_hal_gpio_ex.o
        72         10          0          0          0        930   stm32f1xx_hal_msp.o
      1272         82         18          0          0       5346   stm32f1xx_hal_rcc.o
      1054         38          0          0          0      11542   stm32f1xx_hal_tim.o
       108         12          0          0          0       2517   stm32f1xx_hal_tim_ex.o
       152         20          0          0         72       1563   stm32f1xx_hal_timebase_tim.o
        44         12          0          0          0       4146   stm32f1xx_it.o
         0          0          0          0          0        392   stream_buffer.o
         2          0         24          4          0       1203   system_stm32f1xx.o
      2084        168          0         60       1220      26932   tasks.o
       160         12          0          0         72       1754   tim.o
       972         80          0         20        280      32515   timers.o

    ----------------------------------------------------------------------
     11678        830       1928        172       8036     688977   Object Totals
         0          0         32          0          0          0   (incl. Generated)
        30          0          2          4          0          0   (incl. Padding)

    ----------------------------------------------------------------------

      Code (inc. data)   RO Data    RW Data    ZI Data      Debug   Library Member Name

         8          0          0          0          0         68   __main.o
         0          0          0          0          0          0   __rtentry.o
        12          0          0          0          0          0   __rtentry2.o
         6          0          0          0          0          0   __rtentry4.o
        52          8          0          0          0          0   __scatter.o
        26          0          0          0          0          0   __scatter_copy.o
        28          0          0          0          0          0   __scatter_zi.o
        16          0          0          0          0         68   aeabi_memset.o
        18          0          0          0          0         80   exit.o
         6          0          0          0          0        152   heapauxi.o
         0          0          0          0          0          0   indicate_semi.o
         2          0          0          0          0          0   libinit.o
         2          0          0          0          0          0   libinit2.o
         2          0          0          0          0          0   libshutdown.o
         2          0          0          0          0          0   libshutdown2.o
         8          4          0          0         96         68   libspace.o
        68          0          0          0          0         68   rt_memclr.o
        78          0          0          0          0         80   rt_memclr_w.o
       138          0          0          0          0         68   rt_memcpy_v6.o
       100          0          0          0          0         80   rt_memcpy_w.o
         2          0          0          0          0          0   rtexit.o
        10          0          0          0          0          0   rtexit2.o
        12          4          0          0          0         68   sys_exit.o
        74          0          0          0          0         80   sys_stackheap_outer.o
         2          0          0          0          0         68   use_no_semi.o

    ----------------------------------------------------------------------
       678         16          0          0         96        948   Library Totals
         6          0          0          0          0          0   (incl. Padding)

    ----------------------------------------------------------------------

      Code (inc. data)   RO Data    RW Data    ZI Data      Debug   Library Name

       672         16          0          0         96        948   c_w.l

    ----------------------------------------------------------------------
       678         16          0          0         96        948   Library Totals

    ----------------------------------------------------------------------

==============================================================================


      Code (inc. data)   RO Data    RW Data    ZI Data      Debug   

     12356        846       1928        172       8132     682485   Grand Totals
     12356        846       1928        172       8132     682485   ELF Image Totals
     12356        846       1928        172          0          0   ROM Totals

==============================================================================

    Total RO  Size (Code + RO Data)                14284 (  13.95kB)
    Total RW  Size (RW Data + ZI Data)              8304 (   8.11kB)
    Total ROM Size (Code + RO Data + RW Data)      14456 (  14.12kB)

==============================================================================

